Archive member included to satisfy reference by file (symbol)

D:/STM32CubeIDE_1.17.0/STM32CubeIDE/plugins/com.st.stm32cube.ide.mcu.externaltools.gnu-tools-for-stm32.12.3.rel1.win32_1.1.0.202410251130/tools/bin/../lib/gcc/arm-none-eabi/12.3.1/../../../../arm-none-eabi/lib/thumb/v7e-m+dp/hard\libc_nano.a(libc_a-exit.o)
                              D:/STM32CubeIDE_1.17.0/STM32CubeIDE/plugins/com.st.stm32cube.ide.mcu.externaltools.gnu-tools-for-stm32.12.3.rel1.win32_1.1.0.202410251130/tools/bin/../lib/gcc/arm-none-eabi/12.3.1/../../../../arm-none-eabi/lib/thumb/v7e-m+dp/hard/crt0.o (exit)
D:/STM32CubeIDE_1.17.0/STM32CubeIDE/plugins/com.st.stm32cube.ide.mcu.externaltools.gnu-tools-for-stm32.12.3.rel1.win32_1.1.0.202410251130/tools/bin/../lib/gcc/arm-none-eabi/12.3.1/../../../../arm-none-eabi/lib/thumb/v7e-m+dp/hard\libc_nano.a(libc_a-findfp.o)
                              ./Middlewares/Third_Party/FreeRTOS/Source/tasks.o (__sf)
D:/STM32CubeIDE_1.17.0/STM32CubeIDE/plugins/com.st.stm32cube.ide.mcu.externaltools.gnu-tools-for-stm32.12.3.rel1.win32_1.1.0.202410251130/tools/bin/../lib/gcc/arm-none-eabi/12.3.1/../../../../arm-none-eabi/lib/thumb/v7e-m+dp/hard\libc_nano.a(libc_a-fwalk.o)
                              D:/STM32CubeIDE_1.17.0/STM32CubeIDE/plugins/com.st.stm32cube.ide.mcu.externaltools.gnu-tools-for-stm32.12.3.rel1.win32_1.1.0.202410251130/tools/bin/../lib/gcc/arm-none-eabi/12.3.1/../../../../arm-none-eabi/lib/thumb/v7e-m+dp/hard\libc_nano.a(libc_a-findfp.o) (_fwalk_sglue)
D:/STM32CubeIDE_1.17.0/STM32CubeIDE/plugins/com.st.stm32cube.ide.mcu.externaltools.gnu-tools-for-stm32.12.3.rel1.win32_1.1.0.202410251130/tools/bin/../lib/gcc/arm-none-eabi/12.3.1/../../../../arm-none-eabi/lib/thumb/v7e-m+dp/hard\libc_nano.a(libc_a-stdio.o)
                              D:/STM32CubeIDE_1.17.0/STM32CubeIDE/plugins/com.st.stm32cube.ide.mcu.externaltools.gnu-tools-for-stm32.12.3.rel1.win32_1.1.0.202410251130/tools/bin/../lib/gcc/arm-none-eabi/12.3.1/../../../../arm-none-eabi/lib/thumb/v7e-m+dp/hard\libc_nano.a(libc_a-findfp.o) (__sread)
D:/STM32CubeIDE_1.17.0/STM32CubeIDE/plugins/com.st.stm32cube.ide.mcu.externaltools.gnu-tools-for-stm32.12.3.rel1.win32_1.1.0.202410251130/tools/bin/../lib/gcc/arm-none-eabi/12.3.1/../../../../arm-none-eabi/lib/thumb/v7e-m+dp/hard\libc_nano.a(libc_a-memset.o)
                              D:/STM32CubeIDE_1.17.0/STM32CubeIDE/plugins/com.st.stm32cube.ide.mcu.externaltools.gnu-tools-for-stm32.12.3.rel1.win32_1.1.0.202410251130/tools/bin/../lib/gcc/arm-none-eabi/12.3.1/../../../../arm-none-eabi/lib/thumb/v7e-m+dp/hard/crt0.o (memset)
D:/STM32CubeIDE_1.17.0/STM32CubeIDE/plugins/com.st.stm32cube.ide.mcu.externaltools.gnu-tools-for-stm32.12.3.rel1.win32_1.1.0.202410251130/tools/bin/../lib/gcc/arm-none-eabi/12.3.1/../../../../arm-none-eabi/lib/thumb/v7e-m+dp/hard\libc_nano.a(libc_a-closer.o)
                              D:/STM32CubeIDE_1.17.0/STM32CubeIDE/plugins/com.st.stm32cube.ide.mcu.externaltools.gnu-tools-for-stm32.12.3.rel1.win32_1.1.0.202410251130/tools/bin/../lib/gcc/arm-none-eabi/12.3.1/../../../../arm-none-eabi/lib/thumb/v7e-m+dp/hard\libc_nano.a(libc_a-stdio.o) (_close_r)
D:/STM32CubeIDE_1.17.0/STM32CubeIDE/plugins/com.st.stm32cube.ide.mcu.externaltools.gnu-tools-for-stm32.12.3.rel1.win32_1.1.0.202410251130/tools/bin/../lib/gcc/arm-none-eabi/12.3.1/../../../../arm-none-eabi/lib/thumb/v7e-m+dp/hard\libc_nano.a(libc_a-reent.o)
                              ./Middlewares/Third_Party/FreeRTOS/Source/tasks.o (_reclaim_reent)
D:/STM32CubeIDE_1.17.0/STM32CubeIDE/plugins/com.st.stm32cube.ide.mcu.externaltools.gnu-tools-for-stm32.12.3.rel1.win32_1.1.0.202410251130/tools/bin/../lib/gcc/arm-none-eabi/12.3.1/../../../../arm-none-eabi/lib/thumb/v7e-m+dp/hard\libc_nano.a(libc_a-impure.o)
                              ./Middlewares/Third_Party/FreeRTOS/Source/tasks.o (_impure_ptr)
D:/STM32CubeIDE_1.17.0/STM32CubeIDE/plugins/com.st.stm32cube.ide.mcu.externaltools.gnu-tools-for-stm32.12.3.rel1.win32_1.1.0.202410251130/tools/bin/../lib/gcc/arm-none-eabi/12.3.1/../../../../arm-none-eabi/lib/thumb/v7e-m+dp/hard\libc_nano.a(libc_a-lseekr.o)
                              D:/STM32CubeIDE_1.17.0/STM32CubeIDE/plugins/com.st.stm32cube.ide.mcu.externaltools.gnu-tools-for-stm32.12.3.rel1.win32_1.1.0.202410251130/tools/bin/../lib/gcc/arm-none-eabi/12.3.1/../../../../arm-none-eabi/lib/thumb/v7e-m+dp/hard\libc_nano.a(libc_a-stdio.o) (_lseek_r)
D:/STM32CubeIDE_1.17.0/STM32CubeIDE/plugins/com.st.stm32cube.ide.mcu.externaltools.gnu-tools-for-stm32.12.3.rel1.win32_1.1.0.202410251130/tools/bin/../lib/gcc/arm-none-eabi/12.3.1/../../../../arm-none-eabi/lib/thumb/v7e-m+dp/hard\libc_nano.a(libc_a-readr.o)
                              D:/STM32CubeIDE_1.17.0/STM32CubeIDE/plugins/com.st.stm32cube.ide.mcu.externaltools.gnu-tools-for-stm32.12.3.rel1.win32_1.1.0.202410251130/tools/bin/../lib/gcc/arm-none-eabi/12.3.1/../../../../arm-none-eabi/lib/thumb/v7e-m+dp/hard\libc_nano.a(libc_a-stdio.o) (_read_r)
[...]
Memory Configuration

Name             Origin             Length             Attributes
FLASH            0x08000000         0x00200000         xr
DTCMRAM          0x20000000         0x00020000         xrw
RAM_D1           0x24000000         0x00080000         xrw
RAM_D2           0x30000000         0x00048000         xrw
RAM_D3           0x38000000         0x00010000         xrw
ITCMRAM          0x00000000         0x00010000         xrw
*default*        0x00000000         0xffffffff

Linker script and memory map

LOAD D:/STM32CubeIDE_1.17.0/STM32CubeIDE/plugins/com.st.stm32cube.ide.mcu.externaltools.gnu-tools-for-stm32.12.3.rel1.win32_1.1.0.202410251130/tools/bin/../lib/gcc/arm-none-eabi/12.3.1/thumb/v7e-m+dp/hard/crti.o
LOAD D:/STM32CubeIDE_1.17.0/STM32CubeIDE/plugins/com.st.stm32cube.ide.mcu.externaltools.gnu-tools-for-stm32.12.3.rel1.win32_1.1.0.202410251130/tools/bin/../lib/gcc/arm-none-eabi/12.3.1/thumb/v7e-m+dp/hard/crtbegin.o
LOAD D:/STM32CubeIDE_1.17.0/STM32CubeIDE/plugins/com.st.stm32cube.ide.mcu.externaltools.gnu-tools-for-stm32.12.3.rel1.win32_1.1.0.202410251130/tools/bin/../lib/gcc/arm-none-eabi/12.3.1/../../../../arm-none-eabi/lib/thumb/v7e-m+dp/hard/crt0.o
LOAD ./Core/Src/freertos.o
LOAD ./Core/Src/gpio.o
LOAD ./Core/Src/main.o
LOAD ./Core/Src/memorymap.o
LOAD ./Core/Src/stm32h7xx_hal_msp.o
LOAD ./Core/Src/stm32h7xx_hal_timebase_tim.o
LOAD ./Core/Src/stm32h7xx_it.o
LOAD ./Core/Src/syscalls.o
LOAD ./Core/Src/sysmem.o
LOAD ./Core/Src/system_stm32h7xx.o
LOAD ./Core/Startup/startup_stm32h743vihx.o
LOAD ./Drivers/STM32H7xx_HAL_Driver/Src/stm32h7xx_hal.o
LOAD ./Drivers/STM32H7xx_HAL_Driver/Src/stm32h7xx_hal_cortex.o
LOAD ./Drivers/STM32H7xx_HAL_Driver/Src/stm32h7xx_hal_dma.o
LOAD ./Drivers/STM32H7xx_HAL_Driver/Src/stm32h7xx_hal_dma_ex.o
LOAD ./Drivers/STM32H7xx_HAL_Driver/Src/stm32h7xx_hal_exti.o
LOAD ./Drivers/STM32H7xx_HAL_Driver/Src/stm32h7xx_hal_flash.o
LOAD ./Drivers/STM32H7xx_HAL_Driver/Src/stm32h7xx_hal_flash_ex.o
LOAD ./Drivers/STM32H7xx_HAL_Driver/Src/stm32h7xx_hal_gpio.o
LOAD ./Drivers/STM32H7xx_HAL_Driver/Src/stm32h7xx_hal_hsem.o
LOAD ./Drivers/STM32H7xx_HAL_Driver/Src/stm32h7xx_hal_i2c.o
LOAD ./Drivers/STM32H7xx_HAL_Driver/Src/stm32h7xx_hal_i2c_ex.o
LOAD ./Drivers/STM32H7xx_HAL_Driver/Src/stm32h7xx_hal_mdma.o
LOAD ./Drivers/STM32H7xx_HAL_Driver/Src/stm32h7xx_hal_pwr.o
LOAD ./Drivers/STM32H7xx_HAL_Driver/Src/stm32h7xx_hal_pwr_ex.o
LOAD ./Drivers/STM32H7xx_HAL_Driver/Src/stm32h7xx_hal_rcc.o
LOAD ./Drivers/STM32H7xx_HAL_Driver/Src/stm32h7xx_hal_rcc_ex.o
LOAD ./Drivers/STM32H7xx_HAL_Driver/Src/stm32h7xx_hal_tim.o
LOAD ./Drivers/STM32H7xx_HAL_Driver/Src/stm32h7xx_hal_tim_ex.o
LOAD ./Drivers/STM32H7xx_HAL_Driver/Src/stm32h7xx_ll_exti.o
LOAD ./Drivers/STM32H7xx_HAL_Driver/Src/stm32h7xx_ll_gpio.o
LOAD ./Drivers/STM32H7xx_HAL_Driver/Src/stm32h7xx_ll_rcc.o
LOAD ./Drivers/STM32H7xx_HAL_Driver/Src/stm32h7xx_ll_utils.o
LOAD ./Middlewares/Third_Party/FreeRTOS/Source/CMSIS_RTOS_V2/cmsis_os2.o
LOAD ./Middlewares/Third_Party/FreeRTOS/Source/croutine.o
LOAD ./Middlewares/Third_Party/FreeRTOS/Source/event_groups.o
LOAD ./Middlewares/Third_Party/FreeRTOS/Source/list.o
LOAD ./Middlewares/Third_Party/FreeRTOS/Source/queue.o
LOAD ./Middlewares/Third_Party/FreeRTOS/Source/stream_buffer.o
LOAD ./Middlewares/Third_Party/FreeRTOS/Source/tasks.o
LOAD ./Middlewares/Third_Party/FreeRTOS/Source/timers.o
LOAD ./Middlewares/Third_Party/FreeRTOS/Source/portable/GCC/ARM_CM4F/port.o
LOAD ./Middlewares/Third_Party/FreeRTOS/Source/portable/MemMang/heap_4.o
START GROUP
LOAD D:/STM32CubeIDE_1.17.0/STM32CubeIDE/plugins/com.st.stm32cube.ide.mcu.externaltools.gnu-tools-for-stm32.12.3.rel1.win32_1.1.0.202410251130/tools/bin/../lib/gcc/arm-none-eabi/12.3.1/../../../../arm-none-eabi/lib/thumb/v7e-m+dp/hard\libc_nano.a
LOAD D:/STM32CubeIDE_1.17.0/STM32CubeIDE/plugins/com.st.stm32cube.ide.mcu.externaltools.gnu-tools-for-stm32.12.3.rel1.win32_1.1.0.202410251130/tools/bin/../lib/gcc/arm-none-eabi/12.3.1/../../../../arm-none-eabi/lib/thumb/v7e-m+dp/hard\libm.a
END GROUP
START GROUP
LOAD D:/STM32CubeIDE_1.17.0/STM32CubeIDE/plugins/com.st.stm32cube.ide.mcu.externaltools.gnu-tools-for-stm32.12.3.rel1.win32_1.1.0.202410251130/tools/bin/../lib/gcc/arm-none-eabi/12.3.1/thumb/v7e-m+dp/hard\libgcc.a
LOAD D:/STM32CubeIDE_1.17.0/STM32CubeIDE/plugins/com.st.stm32cube.ide.mcu.externaltools.gnu-tools-for-stm32.12.3.rel1.win32_1.1.0.202410251130/tools/bin/../lib/gcc/arm-none-eabi/12.3.1/../../../../arm-none-eabi/lib/thumb/v7e-m+dp/hard\libc_nano.a
END GROUP
START GROUP
LOAD D:/STM32CubeIDE_1.17.0/STM32CubeIDE/plugins/com.st.stm32cube.ide.mcu.externaltools.gnu-tools-for-stm32.12.3.rel1.win32_1.1.0.202410251130/tools/bin/../lib/gcc/arm-none-eabi/12.3.1/thumb/v7e-m+dp/hard\libgcc.a
LOAD D:/STM32CubeIDE_1.17.0/STM32CubeIDE/plugins/com.st.stm32cube.ide.mcu.externaltools.gnu-tools-for-stm32.12.3.rel1.win32_1.1.0.202410251130/tools/bin/../lib/gcc/arm-none-eabi/12.3.1/../../../../arm-none-eabi/lib/thumb/v7e-m+dp/hard\libc_nano.a
LOAD D:/STM32CubeIDE_1.17.0/STM32CubeIDE/plugins/com.st.stm32cube.ide.mcu.externaltools.gnu-tools-for-stm32.12.3.rel1.win32_1.1.0.202410251130/tools/bin/../lib/gcc/arm-none-eabi/12.3.1/../../../../arm-none-eabi/lib/thumb/v7e-m+dp/hard\libnosys.a
END GROUP
START GROUP
LOAD D:/STM32CubeIDE_1.17.0/STM32CubeIDE/plugins/com.st.stm32cube.ide.mcu.externaltools.gnu-tools-for-stm32.12.3.rel1.win32_1.1.0.202410251130/tools/bin/../lib/gcc/arm-none-eabi/12.3.1/thumb/v7e-m+dp/hard\libgcc.a
LOAD D:/STM32CubeIDE_1.17.0/STM32CubeIDE/plugins/com.st.stm32cube.ide.mcu.externaltools.gnu-tools-for-stm32.12.3.rel1.win32_1.1.0.202410251130/tools/bin/../lib/gcc/arm-none-eabi/12.3.1/../../../../arm-none-eabi/lib/thumb/v7e-m+dp/hard\libc_nano.a
LOAD D:/STM32CubeIDE_1.17.0/STM32CubeIDE/plugins/com.st.stm32cube.ide.mcu.externaltools.gnu-tools-for-stm32.12.3.rel1.win32_1.1.0.202410251130/tools/bin/../lib/gcc/arm-none-eabi/12.3.1/../../../../arm-none-eabi/lib/thumb/v7e-m+dp/hard\libnosys.a
END GROUP
LOAD D:/STM32CubeIDE_1.17.0/STM32CubeIDE/plugins/com.st.stm32cube.ide.mcu.externaltools.gnu-tools-for-stm32.12.3.rel1.win32_1.1.0.202410251130/tools/bin/../lib/gcc/arm-none-eabi/12.3.1/thumb/v7e-m+dp/hard/crtend.o
LOAD D:/STM32CubeIDE_1.17.0/STM32CubeIDE/plugins/com.st.stm32cube.ide.mcu.externaltools.gnu-tools-for-stm32.12.3.rel1.win32_1.1.0.202410251130/tools/bin/../lib/gcc/arm-none-eabi/12.3.1/thumb/v7e-m+dp/hard/crtn.o
                0x24080000                        _estack = (ORIGIN (RAM_D1) + LENGTH (RAM_D1))
                0x00000200                        _Min_Heap_Size = 0x200
                0x00000400                        _Min_Stack_Size = 0x400

.isr_vector     0x08000000      0x298
                0x08000000                        . = ALIGN (0x4)
 *(.isr_vector)
 .isr_vector    0x08000000      0x298 ./Core/Startup/startup_stm32h743vihx.o
                0x08000000                g_pfnVectors
                0x08000298                        . = ALIGN (0x4)

.text           0x080002a0     0x47c0
                0x080002a0                        . = ALIGN (0x4)
 *(.text)
 .text          0x080002a0       0x40 D:/STM32CubeIDE_1.17.0/STM32CubeIDE/plugins/com.st.stm32cube.ide.mcu.externaltools.gnu-tools-for-stm32.12.3.rel1.win32_1.1.0.202410251130/tools/bin/../lib/gcc/arm-none-eabi/12.3.1/thumb/v7e-m+dp/hard/crtbegin.o
 *(.text*)
 .text.LL_GPIO_TogglePin
                0x080002e0       0x32 ./Core/Src/freertos.o
 *fill*         0x08000312        0x2 
 .text.MX_FREERTOS_Init
                0x08000314       0x24 ./Core/Src/freertos.o
                0x08000314                MX_FREERTOS_Init
 .text.StartDefaultTask
                0x08000338       0x24 ./Core/Src/freertos.o
                0x08000338                StartDefaultTask
 .text.LL_AHB4_GRP1_EnableClock
                0x0800035c       0x38 ./Core/Src/gpio.o
 .text.LL_GPIO_ResetOutputPin
                0x08000394       0x1e ./Core/Src/gpio.o
 *fill*         0x080003b2        0x2 
 .text.MX_GPIO_Init
                0x080003b4       0xbc ./Core/Src/gpio.o
                0x080003b4                MX_GPIO_Init
 .text.LL_RCC_HSI_Enable
                0x08000470       0x20 ./Core/Src/main.o
 .text.LL_RCC_HSI_IsReady
                0x08000490       0x24 ./Core/Src/main.o
 .text.LL_RCC_HSI_SetDivider
                0x080004b4       0x28 ./Core/Src/main.o
 .text.LL_RCC_HSI_SetCalibTrimming
                0x080004dc       0x50 ./Core/Src/main.o
 .text.LL_RCC_SetSysClkSource
                0x0800052c       0x28 ./Core/Src/main.o
 .text.LL_RCC_GetSysClkSource
                0x08000554       0x1c ./Core/Src/main.o
 .text.LL_RCC_SetSysPrescaler
                0x08000570       0x28 ./Core/Src/main.o
 .text.LL_RCC_SetAHBPrescaler
                0x08000598       0x28 ./Core/Src/main.o
 .text.LL_RCC_SetAPB1Prescaler
                0x080005c0       0x28 ./Core/Src/main.o
 .text.LL_RCC_SetAPB2Prescaler
                0x080005e8       0x28 ./Core/Src/main.o
 .text.LL_RCC_SetAPB3Prescaler
                0x08000610       0x28 ./Core/Src/main.o
 .text.LL_RCC_SetAPB4Prescaler
                0x08000638       0x28 ./Core/Src/main.o
 .text.LL_RCC_PLL_SetSource
                0x08000660       0x28 ./Core/Src/main.o
 .text.LL_RCC_PLL1_Enable
                0x08000688       0x20 ./Core/Src/main.o
 .text.LL_RCC_PLL1_IsReady
                0x080006a8       0x28 ./Core/Src/main.o
 .text.LL_RCC_PLL1P_Enable
                0x080006d0       0x20 ./Core/Src/main.o
 .text.LL_RCC_PLL1_SetVCOOutputRange
                0x080006f0       0x2c ./Core/Src/main.o
 .text.LL_RCC_PLL1_SetVCOInputRange
                0x0800071c       0x2c ./Core/Src/main.o
 .text.LL_RCC_PLL1_SetN
                0x08000748       0x30 ./Core/Src/main.o
 .text.LL_RCC_PLL1_SetM
                0x08000778       0x2c ./Core/Src/main.o
 .text.LL_RCC_PLL1_SetP
                0x080007a4       0x2c ./Core/Src/main.o
 .text.LL_RCC_PLL1_SetQ
                0x080007d0       0x2c ./Core/Src/main.o
 .text.LL_RCC_PLL1_SetR
                0x080007fc       0x2c ./Core/Src/main.o
 .text.LL_FLASH_SetLatency
                0x08000828       0x28 ./Core/Src/main.o
 .text.LL_FLASH_GetLatency
                0x08000850       0x1c ./Core/Src/main.o
 .text.LL_MPU_Enable
                0x0800086c       0x30 ./Core/Src/main.o
 .text.LL_MPU_Disable
                0x0800089c       0x20 ./Core/Src/main.o
 .text.LL_MPU_ConfigRegion
                0x080008bc       0x40 ./Core/Src/main.o
 .text.LL_PWR_ConfigSupply
                0x080008fc       0x28 ./Core/Src/main.o
 .text.LL_PWR_SetRegulVoltageScaling
                0x08000924       0x28 ./Core/Src/main.o
 .text.LL_PWR_IsActiveFlag_VOS
                0x0800094c       0x28 ./Core/Src/main.o
 .text.main     0x08000974       0x24 ./Core/Src/main.o
                0x08000974                main
 .text.SystemClock_Config
                0x08000998       0xec ./Core/Src/main.o
                0x08000998                SystemClock_Config
 .text.MPU_Config
                0x08000a84       0x24 ./Core/Src/main.o
 .text.HAL_TIM_PeriodElapsedCallback
                0x08000aa8       0x24 ./Core/Src/main.o
                0x08000aa8                HAL_TIM_PeriodElapsedCallback
 .text.Error_Handler
                0x08000acc        0xc ./Core/Src/main.o
                0x08000acc                Error_Handler
 .text.HAL_MspInit
                0x08000ad8       0x3c ./Core/Src/stm32h7xx_hal_msp.o
                0x08000ad8                HAL_MspInit
 .text.HAL_InitTick
                0x08000b14       0xc0 ./Core/Src/stm32h7xx_hal_timebase_tim.o
                0x08000b14                HAL_InitTick
 .text.NMI_Handler
                0x08000bd4        0x8 ./Core/Src/stm32h7xx_it.o
                0x08000bd4                NMI_Handler
 .text.HardFault_Handler
                0x08000bdc        0x8 ./Core/Src/stm32h7xx_it.o
                0x08000bdc                HardFault_Handler
 .text.MemManage_Handler
                0x08000be4        0x8 ./Core/Src/stm32h7xx_it.o
                0x08000be4                MemManage_Handler
 .text.BusFault_Handler
                0x08000bec        0x8 ./Core/Src/stm32h7xx_it.o
                0x08000bec                BusFault_Handler
 .text.UsageFault_Handler
                0x08000bf4        0x8 ./Core/Src/stm32h7xx_it.o
                0x08000bf4                UsageFault_Handler
 .text.DebugMon_Handler
                0x08000bfc        0xe ./Core/Src/stm32h7xx_it.o
                0x08000bfc                DebugMon_Handler
 *fill*         0x08000c0a        0x2 
 .text.TIM1_UP_IRQHandler
                0x08000c0c       0x14 ./Core/Src/stm32h7xx_it.o
                0x08000c0c                TIM1_UP_IRQHandler
 .text.SystemInit
                0x08000c20      0x140 ./Core/Src/system_stm32h7xx.o
                0x08000c20                SystemInit
 .text.ExitRun0Mode
                0x08000d60       0x30 ./Core/Src/system_stm32h7xx.o
                0x08000d60                ExitRun0Mode
 .text.Reset_Handler
                0x08000d90       0x54 ./Core/Startup/startup_stm32h743vihx.o
                0x08000d90                Reset_Handler
 .text.Default_Handler
                0x08000de4        0x2 ./Core/Startup/startup_stm32h743vihx.o
                0x08000de4                RTC_Alarm_IRQHandler
                0x08000de4                EXTI2_IRQHandler
                0x08000de4                TIM8_CC_IRQHandler
                0x08000de4                HRTIM1_Master_IRQHandler
                0x08000de4                UART8_IRQHandler
                0x08000de4                SPI4_IRQHandler
                0x08000de4                TIM1_CC_IRQHandler
                0x08000de4                BDMA_Channel6_IRQHandler
                0x08000de4                DMA2_Stream5_IRQHandler
                0x08000de4                HRTIM1_FLT_IRQHandler
                0x08000de4                JPEG_IRQHandler
                0x08000de4                DMA1_Stream5_IRQHandler
                0x08000de4                BDMA_Channel1_IRQHandler
                0x08000de4                HRTIM1_TIMD_IRQHandler
                0x08000de4                TAMP_STAMP_IRQHandler
                0x08000de4                EXTI3_IRQHandler
                0x08000de4                LPTIM4_IRQHandler
                0x08000de4                TIM8_TRG_COM_TIM14_IRQHandler
                0x08000de4                LPTIM2_IRQHandler
                0x08000de4                DFSDM1_FLT1_IRQHandler
                0x08000de4                DMAMUX2_OVR_IRQHandler
                0x08000de4                TIM8_UP_TIM13_IRQHandler
                0x08000de4                I2C3_ER_IRQHandler
                0x08000de4                DFSDM1_FLT2_IRQHandler
                0x08000de4                MDMA_IRQHandler
                0x08000de4                LPTIM3_IRQHandler
                0x08000de4                HSEM1_IRQHandler
                0x08000de4                EXTI0_IRQHandler
                0x08000de4                I2C2_EV_IRQHandler
                0x08000de4                DMA1_Stream2_IRQHandler
                0x08000de4                FPU_IRQHandler
                0x08000de4                OTG_HS_WKUP_IRQHandler
                0x08000de4                FDCAN1_IT1_IRQHandler
                0x08000de4                LTDC_ER_IRQHandler
                0x08000de4                DMA2_Stream2_IRQHandler
                0x08000de4                HRTIM1_TIME_IRQHandler
                0x08000de4                SPI1_IRQHandler
                0x08000de4                TIM6_DAC_IRQHandler
                0x08000de4                DCMI_IRQHandler
                0x08000de4                HRTIM1_TIMC_IRQHandler
                0x08000de4                DMA2_Stream3_IRQHandler
                0x08000de4                SAI2_IRQHandler
                0x08000de4                DFSDM1_FLT3_IRQHandler
                0x08000de4                USART6_IRQHandler
                0x08000de4                TIM17_IRQHandler
                0x08000de4                USART3_IRQHandler
                0x08000de4                BDMA_Channel7_IRQHandler
                0x08000de4                LPTIM5_IRQHandler
                0x08000de4                UART5_IRQHandler
                0x08000de4                ADC3_IRQHandler
                0x08000de4                DMA2_Stream0_IRQHandler
                0x08000de4                TIM4_IRQHandler
                0x08000de4                BDMA_Channel2_IRQHandler
                0x08000de4                QUADSPI_IRQHandler
                0x08000de4                I2C1_EV_IRQHandler
                0x08000de4                DMA1_Stream6_IRQHandler
                0x08000de4                DMAMUX1_OVR_IRQHandler
                0x08000de4                DMA1_Stream1_IRQHandler
                0x08000de4                TIM16_IRQHandler
                0x08000de4                UART4_IRQHandler
                0x08000de4                BDMA_Channel5_IRQHandler
                0x08000de4                TIM3_IRQHandler
                0x08000de4                RCC_IRQHandler
                0x08000de4                TIM8_BRK_TIM12_IRQHandler
                0x08000de4                TIM1_TRG_COM_IRQHandler
                0x08000de4                Default_Handler
                0x08000de4                ECC_IRQHandler
                0x08000de4                CEC_IRQHandler
                0x08000de4                EXTI15_10_IRQHandler
                0x08000de4                BDMA_Channel0_IRQHandler
                0x08000de4                ADC_IRQHandler
                0x08000de4                DMA1_Stream7_IRQHandler
                0x08000de4                HRTIM1_TIMA_IRQHandler
                0x08000de4                SPI5_IRQHandler
                0x08000de4                TIM7_IRQHandler
                0x08000de4                SDMMC1_IRQHandler
                0x08000de4                TIM5_IRQHandler
                0x08000de4                DMA2_Stream7_IRQHandler
                0x08000de4                TIM15_IRQHandler
                0x08000de4                PVD_AVD_IRQHandler
                0x08000de4                I2C3_EV_IRQHandler
                0x08000de4                EXTI9_5_IRQHandler
                0x08000de4                RTC_WKUP_IRQHandler
                0x08000de4                LTDC_IRQHandler
                0x08000de4                SAI3_IRQHandler
                0x08000de4                ETH_WKUP_IRQHandler
                0x08000de4                SPDIF_RX_IRQHandler
                0x08000de4                SPI2_IRQHandler
                0x08000de4                OTG_HS_EP1_IN_IRQHandler
                0x08000de4                DMA1_Stream0_IRQHandler
                0x08000de4                CRS_IRQHandler
                0x08000de4                EXTI4_IRQHandler
                0x08000de4                RNG_IRQHandler
                0x08000de4                HRTIM1_TIMB_IRQHandler
                0x08000de4                FDCAN2_IT1_IRQHandler
                0x08000de4                ETH_IRQHandler
                0x08000de4                BDMA_Channel4_IRQHandler
                0x08000de4                OTG_HS_EP1_OUT_IRQHandler
                0x08000de4                WWDG_IRQHandler
                0x08000de4                SPI6_IRQHandler
                0x08000de4                MDIOS_IRQHandler
                0x08000de4                I2C4_EV_IRQHandler
                0x08000de4                FDCAN2_IT0_IRQHandler
                0x08000de4                LPUART1_IRQHandler
                0x08000de4                FDCAN1_IT0_IRQHandler
                0x08000de4                TIM2_IRQHandler
                0x08000de4                OTG_FS_WKUP_IRQHandler
                0x08000de4                OTG_HS_IRQHandler
                0x08000de4                DMA2D_IRQHandler
                0x08000de4                TIM1_BRK_IRQHandler
                0x08000de4                EXTI1_IRQHandler
                0x08000de4                SDMMC2_IRQHandler
                0x08000de4                OTG_FS_EP1_OUT_IRQHandler
                0x08000de4                BDMA_Channel3_IRQHandler
                0x08000de4                UART7_IRQHandler
                0x08000de4                MDIOS_WKUP_IRQHandler
                0x08000de4                USART2_IRQHandler
                0x08000de4                DFSDM1_FLT0_IRQHandler
                0x08000de4                SAI4_IRQHandler
                0x08000de4                I2C2_ER_IRQHandler
                0x08000de4                DMA2_Stream1_IRQHandler
                0x08000de4                FLASH_IRQHandler
                0x08000de4                DMA2_Stream4_IRQHandler
                0x08000de4                USART1_IRQHandler
                0x08000de4                OTG_FS_IRQHandler
                0x08000de4                SPI3_IRQHandler
                0x08000de4                WAKEUP_PIN_IRQHandler
                0x08000de4                DMA1_Stream4_IRQHandler
                0x08000de4                OTG_FS_EP1_IN_IRQHandler
                0x08000de4                I2C1_ER_IRQHandler
                0x08000de4                FMC_IRQHandler
                0x08000de4                FDCAN_CAL_IRQHandler
                0x08000de4                SWPMI1_IRQHandler
                0x08000de4                COMP1_IRQHandler
                0x08000de4                LPTIM1_IRQHandler
                0x08000de4                I2C4_ER_IRQHandler
                0x08000de4                DMA2_Stream6_IRQHandler
                0x08000de4                SAI1_IRQHandler
                0x08000de4                DMA1_Stream3_IRQHandler
 *fill*         0x08000de6        0x2 
 .text.HAL_Init
                0x08000de8       0x78 ./Drivers/STM32H7xx_HAL_Driver/Src/stm32h7xx_hal.o
                0x08000de8                HAL_Init
 .text.HAL_IncTick
                0x08000e60       0x28 ./Drivers/STM32H7xx_HAL_Driver/Src/stm32h7xx_hal.o
                0x08000e60                HAL_IncTick
 .text.__NVIC_SetPriorityGrouping
                0x08000e88       0x48 ./Drivers/STM32H7xx_HAL_Driver/Src/stm32h7xx_hal_cortex.o
 .text.__NVIC_GetPriorityGrouping
                0x08000ed0       0x1c ./Drivers/STM32H7xx_HAL_Driver/Src/stm32h7xx_hal_cortex.o
 .text.__NVIC_EnableIRQ
                0x08000eec       0x3c ./Drivers/STM32H7xx_HAL_Driver/Src/stm32h7xx_hal_cortex.o
 .text.__NVIC_SetPriority
                0x08000f28       0x54 ./Drivers/STM32H7xx_HAL_Driver/Src/stm32h7xx_hal_cortex.o
 .text.NVIC_EncodePriority
                0x08000f7c       0x66 ./Drivers/STM32H7xx_HAL_Driver/Src/stm32h7xx_hal_cortex.o
 .text.HAL_NVIC_SetPriorityGrouping
                0x08000fe2       0x16 ./Drivers/STM32H7xx_HAL_Driver/Src/stm32h7xx_hal_cortex.o
                0x08000fe2                HAL_NVIC_SetPriorityGrouping
 .text.HAL_NVIC_SetPriority
                0x08000ff8       0x34 ./Drivers/STM32H7xx_HAL_Driver/Src/stm32h7xx_hal_cortex.o
                0x08000ff8                HAL_NVIC_SetPriority
 .text.HAL_NVIC_EnableIRQ
                0x0800102c       0x1c ./Drivers/STM32H7xx_HAL_Driver/Src/stm32h7xx_hal_cortex.o
                0x0800102c                HAL_NVIC_EnableIRQ
 .text.HAL_RCC_GetSysClockFreq
                0x08001048      0x2f4 ./Drivers/STM32H7xx_HAL_Driver/Src/stm32h7xx_hal_rcc.o
                0x08001048                HAL_RCC_GetSysClockFreq
 .text.HAL_RCC_GetHCLKFreq
                0x0800133c       0x60 ./Drivers/STM32H7xx_HAL_Driver/Src/stm32h7xx_hal_rcc.o
                0x0800133c                HAL_RCC_GetHCLKFreq
 .text.HAL_RCC_GetPCLK2Freq
                0x0800139c       0x2c ./Drivers/STM32H7xx_HAL_Driver/Src/stm32h7xx_hal_rcc.o
                0x0800139c                HAL_RCC_GetPCLK2Freq
 .text.HAL_RCC_GetClockConfig
                0x080013c8       0x84 ./Drivers/STM32H7xx_HAL_Driver/Src/stm32h7xx_hal_rcc.o
                0x080013c8                HAL_RCC_GetClockConfig
 .text.HAL_TIM_Base_Init
                0x0800144c       0xae ./Drivers/STM32H7xx_HAL_Driver/Src/stm32h7xx_hal_tim.o
                0x0800144c                HAL_TIM_Base_Init
 .text.HAL_TIM_Base_MspInit
                0x080014fa       0x14 ./Drivers/STM32H7xx_HAL_Driver/Src/stm32h7xx_hal_tim.o
                0x080014fa                HAL_TIM_Base_MspInit
 *fill*         0x0800150e        0x2 
 .text.HAL_TIM_Base_Start_IT
                0x08001510       0xf0 ./Drivers/STM32H7xx_HAL_Driver/Src/stm32h7xx_hal_tim.o
                0x08001510                HAL_TIM_Base_Start_IT
 .text.HAL_TIM_IRQHandler
                0x08001600      0x20e ./Drivers/STM32H7xx_HAL_Driver/Src/stm32h7xx_hal_tim.o
                0x08001600                HAL_TIM_IRQHandler
 .text.HAL_TIM_OC_DelayElapsedCallback
                0x0800180e       0x14 ./Drivers/STM32H7xx_HAL_Driver/Src/stm32h7xx_hal_tim.o
                0x0800180e                HAL_TIM_OC_DelayElapsedCallback
 .text.HAL_TIM_IC_CaptureCallback
                0x08001822       0x14 ./Drivers/STM32H7xx_HAL_Driver/Src/stm32h7xx_hal_tim.o
                0x08001822                HAL_TIM_IC_CaptureCallback
 .text.HAL_TIM_PWM_PulseFinishedCallback
                0x08001836       0x14 ./Drivers/STM32H7xx_HAL_Driver/Src/stm32h7xx_hal_tim.o
                0x08001836                HAL_TIM_PWM_PulseFinishedCallback
 .text.HAL_TIM_TriggerCallback
                0x0800184a       0x14 ./Drivers/STM32H7xx_HAL_Driver/Src/stm32h7xx_hal_tim.o
                0x0800184a                HAL_TIM_TriggerCallback
 *fill*         0x0800185e        0x2 
 .text.TIM_Base_SetConfig
                0x08001860      0x140 ./Drivers/STM32H7xx_HAL_Driver/Src/stm32h7xx_hal_tim.o
                0x08001860                TIM_Base_SetConfig
 .text.HAL_TIMEx_CommutCallback
                0x080019a0       0x14 ./Drivers/STM32H7xx_HAL_Driver/Src/stm32h7xx_hal_tim_ex.o
                0x080019a0                HAL_TIMEx_CommutCallback
 .text.HAL_TIMEx_BreakCallback
                0x080019b4       0x14 ./Drivers/STM32H7xx_HAL_Driver/Src/stm32h7xx_hal_tim_ex.o
                0x080019b4                HAL_TIMEx_BreakCallback
 .text.HAL_TIMEx_Break2Callback
                0x080019c8       0x14 ./Drivers/STM32H7xx_HAL_Driver/Src/stm32h7xx_hal_tim_ex.o
                0x080019c8                HAL_TIMEx_Break2Callback
 .text.LL_GPIO_SetPinMode
                0x080019dc       0x40 ./Drivers/STM32H7xx_HAL_Driver/Src/stm32h7xx_ll_gpio.o
 .text.LL_GPIO_SetPinOutputType
                0x08001a1c       0x30 ./Drivers/STM32H7xx_HAL_Driver/Src/stm32h7xx_ll_gpio.o
 .text.LL_GPIO_SetPinSpeed
                0x08001a4c       0x40 ./Drivers/STM32H7xx_HAL_Driver/Src/stm32h7xx_ll_gpio.o
 .text.LL_GPIO_SetPinPull
                0x08001a8c       0x40 ./Drivers/STM32H7xx_HAL_Driver/Src/stm32h7xx_ll_gpio.o
 .text.LL_GPIO_SetAFPin_0_7
                0x08001acc       0x58 ./Drivers/STM32H7xx_HAL_Driver/Src/stm32h7xx_ll_gpio.o
 .text.LL_GPIO_SetAFPin_8_15
                0x08001b24       0x6c ./Drivers/STM32H7xx_HAL_Driver/Src/stm32h7xx_ll_gpio.o
 .text.LL_GPIO_Init
                0x08001b90       0xdc ./Drivers/STM32H7xx_HAL_Driver/Src/stm32h7xx_ll_gpio.o
                0x08001b90                LL_GPIO_Init
 .text.LL_SetSystemCoreClock
                0x08001c6c       0x20 ./Drivers/STM32H7xx_HAL_Driver/Src/stm32h7xx_ll_utils.o
                0x08001c6c                LL_SetSystemCoreClock
 .text.__NVIC_SetPriority
                0x08001c8c       0x54 ./Middlewares/Third_Party/FreeRTOS/Source/CMSIS_RTOS_V2/cmsis_os2.o
 .text.SysTick_Handler
                0x08001ce0       0x20 ./Middlewares/Third_Party/FreeRTOS/Source/CMSIS_RTOS_V2/cmsis_os2.o
                0x08001ce0                SysTick_Handler
 .text.SVC_Setup
                0x08001d00       0x12 ./Middlewares/Third_Party/FreeRTOS/Source/CMSIS_RTOS_V2/cmsis_os2.o
 *fill*         0x08001d12        0x2 
 .text.osKernelInitialize
                0x08001d14       0x48 ./Middlewares/Third_Party/FreeRTOS/Source/CMSIS_RTOS_V2/cmsis_os2.o
                0x08001d14                osKernelInitialize
 .text.osKernelStart
                0x08001d5c       0x4c ./Middlewares/Third_Party/FreeRTOS/Source/CMSIS_RTOS_V2/cmsis_os2.o
                0x08001d5c                osKernelStart
 .text.osThreadNew
                0x08001da8      0x124 ./Middlewares/Third_Party/FreeRTOS/Source/CMSIS_RTOS_V2/cmsis_os2.o
                0x08001da8                osThreadNew
 .text.osDelay  0x08001ecc       0x36 ./Middlewares/Third_Party/FreeRTOS/Source/CMSIS_RTOS_V2/cmsis_os2.o
                0x08001ecc                osDelay
 *fill*         0x08001f02        0x2 
 .text.vApplicationGetIdleTaskMemory
                0x08001f04       0x34 ./Middlewares/Third_Party/FreeRTOS/Source/CMSIS_RTOS_V2/cmsis_os2.o
                0x08001f04                vApplicationGetIdleTaskMemory
 .text.vApplicationGetTimerTaskMemory
                0x08001f38       0x34 ./Middlewares/Third_Party/FreeRTOS/Source/CMSIS_RTOS_V2/cmsis_os2.o
                0x08001f38                vApplicationGetTimerTaskMemory
 .text.vListInitialise
                0x08001f6c       0x40 ./Middlewares/Third_Party/FreeRTOS/Source/list.o
                0x08001f6c                vListInitialise
 .text.vListInitialiseItem
                0x08001fac       0x1a ./Middlewares/Third_Party/FreeRTOS/Source/list.o
                0x08001fac                vListInitialiseItem
 .text.vListInsertEnd
                0x08001fc6       0x48 ./Middlewares/Third_Party/FreeRTOS/Source/list.o
                0x08001fc6                vListInsertEnd
 .text.vListInsert
                0x0800200e       0x72 ./Middlewares/Third_Party/FreeRTOS/Source/list.o
                0x0800200e                vListInsert
 .text.uxListRemove
                0x08002080       0x54 ./Middlewares/Third_Party/FreeRTOS/Source/list.o
                0x08002080                uxListRemove
 .text.xQueueGenericReset
                0x080020d4       0xd4 ./Middlewares/Third_Party/FreeRTOS/Source/queue.o
                0x080020d4                xQueueGenericReset
 .text.xQueueGenericCreateStatic
                0x080021a8       0xfa ./Middlewares/Third_Party/FreeRTOS/Source/queue.o
                0x080021a8                xQueueGenericCreateStatic
 .text.prvInitialiseNewQueue
                0x080022a2       0x46 ./Middlewares/Third_Party/FreeRTOS/Source/queue.o
 .text.xQueueGenericSend
                0x080022e8      0x204 ./Middlewares/Third_Party/FreeRTOS/Source/queue.o
                0x080022e8                xQueueGenericSend
 .text.xQueueGenericSendFromISR
                0x080024ec      0x13c ./Middlewares/Third_Party/FreeRTOS/Source/queue.o
                0x080024ec                xQueueGenericSendFromISR
 .text.xQueueReceive
                0x08002628      0x1c4 ./Middlewares/Third_Party/FreeRTOS/Source/queue.o
                0x08002628                xQueueReceive
 .text.prvCopyDataToQueue
                0x080027ec       0xd4 ./Middlewares/Third_Party/FreeRTOS/Source/queue.o
 .text.prvCopyDataFromQueue
                0x080028c0       0x4c ./Middlewares/Third_Party/FreeRTOS/Source/queue.o
 .text.prvUnlockQueue
                0x0800290c       0xa4 ./Middlewares/Third_Party/FreeRTOS/Source/queue.o
 .text.prvIsQueueEmpty
                0x080029b0       0x2c ./Middlewares/Third_Party/FreeRTOS/Source/queue.o
 .text.prvIsQueueFull
                0x080029dc       0x30 ./Middlewares/Third_Party/FreeRTOS/Source/queue.o
 .text.vQueueAddToRegistry
                0x08002a0c       0x54 ./Middlewares/Third_Party/FreeRTOS/Source/queue.o
                0x08002a0c                vQueueAddToRegistry
 .text.vQueueWaitForMessageRestricted
                0x08002a60       0x68 ./Middlewares/Third_Party/FreeRTOS/Source/queue.o
                0x08002a60                vQueueWaitForMessageRestricted
 .text.xTaskCreateStatic
                0x08002ac8       0xc0 ./Middlewares/Third_Party/FreeRTOS/Source/tasks.o
                0x08002ac8                xTaskCreateStatic
 .text.xTaskCreate
                0x08002b88       0x8a ./Middlewares/Third_Party/FreeRTOS/Source/tasks.o
                0x08002b88                xTaskCreate
 *fill*         0x08002c12        0x2 
 .text.prvInitialiseNewTask
                0x08002c14      0x150 ./Middlewares/Third_Party/FreeRTOS/Source/tasks.o
 .text.prvAddNewTaskToReadyList
                0x08002d64       0xe0 ./Middlewares/Third_Party/FreeRTOS/Source/tasks.o
 .text.vTaskDelay
                0x08002e44       0x6c ./Middlewares/Third_Party/FreeRTOS/Source/tasks.o
                0x08002e44                vTaskDelay
 .text.vTaskStartScheduler
                0x08002eb0       0xe0 ./Middlewares/Third_Party/FreeRTOS/Source/tasks.o
                0x08002eb0                vTaskStartScheduler
 .text.vTaskSuspendAll
                0x08002f90       0x1c ./Middlewares/Third_Party/FreeRTOS/Source/tasks.o
                0x08002f90                vTaskSuspendAll
 .text.xTaskResumeAll
                0x08002fac      0x13c ./Middlewares/Third_Party/FreeRTOS/Source/tasks.o
                0x08002fac                xTaskResumeAll
 .text.xTaskGetTickCount
                0x080030e8       0x20 ./Middlewares/Third_Party/FreeRTOS/Source/tasks.o
                0x080030e8                xTaskGetTickCount
 .text.xTaskIncrementTick
                0x08003108      0x174 ./Middlewares/Third_Party/FreeRTOS/Source/tasks.o
                0x08003108                xTaskIncrementTick
 .text.vTaskSwitchContext
                0x0800327c       0xcc ./Middlewares/Third_Party/FreeRTOS/Source/tasks.o
                0x0800327c                vTaskSwitchContext
 .text.vTaskPlaceOnEventList
                0x08003348       0x4c ./Middlewares/Third_Party/FreeRTOS/Source/tasks.o
                0x08003348                vTaskPlaceOnEventList
 .text.vTaskPlaceOnEventListRestricted
                0x08003394       0x58 ./Middlewares/Third_Party/FreeRTOS/Source/tasks.o
                0x08003394                vTaskPlaceOnEventListRestricted
 .text.xTaskRemoveFromEventList
                0x080033ec       0xc8 ./Middlewares/Third_Party/FreeRTOS/Source/tasks.o
                0x080033ec                xTaskRemoveFromEventList
 .text.vTaskInternalSetTimeOutState
                0x080034b4       0x2c ./Middlewares/Third_Party/FreeRTOS/Source/tasks.o
                0x080034b4                vTaskInternalSetTimeOutState
 .text.xTaskCheckForTimeOut
                0x080034e0       0xc8 ./Middlewares/Third_Party/FreeRTOS/Source/tasks.o
                0x080034e0                xTaskCheckForTimeOut
 .text.vTaskMissedYield
                0x080035a8       0x18 ./Middlewares/Third_Party/FreeRTOS/Source/tasks.o
                0x080035a8                vTaskMissedYield
 .text.prvIdleTask
                0x080035c0       0x30 ./Middlewares/Third_Party/FreeRTOS/Source/tasks.o
 .text.prvInitialiseTaskLists
                0x080035f0       0x80 ./Middlewares/Third_Party/FreeRTOS/Source/tasks.o
 .text.prvCheckTasksWaitingTermination
                0x08003670       0x5c ./Middlewares/Third_Party/FreeRTOS/Source/tasks.o
 .text.prvDeleteTCB
                0x080036cc       0x6a ./Middlewares/Third_Party/FreeRTOS/Source/tasks.o
 *fill*         0x08003736        0x2 
 .text.prvResetNextTaskUnblockTime
                0x08003738       0x40 ./Middlewares/Third_Party/FreeRTOS/Source/tasks.o
 .text.xTaskGetSchedulerState
                0x08003778       0x3c ./Middlewares/Third_Party/FreeRTOS/Source/tasks.o
                0x08003778                xTaskGetSchedulerState
 .text.xTaskPriorityDisinherit
                0x080037b4       0xe0 ./Middlewares/Third_Party/FreeRTOS/Source/tasks.o
                0x080037b4                xTaskPriorityDisinherit
 .text.prvAddCurrentTaskToDelayedList
                0x08003894       0xa8 ./Middlewares/Third_Party/FreeRTOS/Source/tasks.o
 .text.xTimerCreateTimerTask
                0x0800393c       0x94 ./Middlewares/Third_Party/FreeRTOS/Source/timers.o
                0x0800393c                xTimerCreateTimerTask
 .text.xTimerGenericCommand
                0x080039d0       0x9c ./Middlewares/Third_Party/FreeRTOS/Source/timers.o
                0x080039d0                xTimerGenericCommand
 .text.prvProcessExpiredTimer
                0x08003a6c       0x9c ./Middlewares/Third_Party/FreeRTOS/Source/timers.o
 .text.prvTimerTask
                0x08003b08       0x26 ./Middlewares/Third_Party/FreeRTOS/Source/timers.o
 *fill*         0x08003b2e        0x2 
 .text.prvProcessTimerOrBlockTask
                0x08003b30       0x9c ./Middlewares/Third_Party/FreeRTOS/Source/timers.o
 .text.prvGetNextExpireTime
                0x08003bcc       0x48 ./Middlewares/Third_Party/FreeRTOS/Source/timers.o
 .text.prvSampleTimeNow
                0x08003c14       0x40 ./Middlewares/Third_Party/FreeRTOS/Source/timers.o
 .text.prvInsertTimerInActiveList
                0x08003c54       0x84 ./Middlewares/Third_Party/FreeRTOS/Source/timers.o
 .text.prvProcessReceivedCommands
                0x08003cd8      0x1cc ./Middlewares/Third_Party/FreeRTOS/Source/timers.o
 .text.prvSwitchTimerLists
                0x08003ea4       0xcc ./Middlewares/Third_Party/FreeRTOS/Source/timers.o
 .text.prvCheckForValidListAndQueue
                0x08003f70       0x80 ./Middlewares/Third_Party/FreeRTOS/Source/timers.o
 .text.pxPortInitialiseStack
                0x08003ff0       0x68 ./Middlewares/Third_Party/FreeRTOS/Source/portable/GCC/ARM_CM4F/port.o
                0x08003ff0                pxPortInitialiseStack
 .text.prvTaskExitError
                0x08004058       0x5c ./Middlewares/Third_Party/FreeRTOS/Source/portable/GCC/ARM_CM4F/port.o
 *fill*         0x080040b4        0xc 
 .text.SVC_Handler
                0x080040c0       0x28 ./Middlewares/Third_Party/FreeRTOS/Source/portable/GCC/ARM_CM4F/port.o
                0x080040c0                SVC_Handler
 .text.prvPortStartFirstTask
                0x080040e8       0x28 ./Middlewares/Third_Party/FreeRTOS/Source/portable/GCC/ARM_CM4F/port.o
 .text.xPortStartScheduler
                0x08004110      0x148 ./Middlewares/Third_Party/FreeRTOS/Source/portable/GCC/ARM_CM4F/port.o
                0x08004110                xPortStartScheduler
 .text.vPortEnterCritical
                0x08004258       0x64 ./Middlewares/Third_Party/FreeRTOS/Source/portable/GCC/ARM_CM4F/port.o
                0x08004258                vPortEnterCritical
 .text.vPortExitCritical
                0x080042bc       0x54 ./Middlewares/Third_Party/FreeRTOS/Source/portable/GCC/ARM_CM4F/port.o
                0x080042bc                vPortExitCritical
 .text.PendSV_Handler
                0x08004310       0x68 ./Middlewares/Third_Party/FreeRTOS/Source/portable/GCC/ARM_CM4F/port.o
                0x08004310                PendSV_Handler
 .text.xPortSysTickHandler
                0x08004378       0x44 ./Middlewares/Third_Party/FreeRTOS/Source/portable/GCC/ARM_CM4F/port.o
                0x08004378                xPortSysTickHandler
 .text.vPortSetupTimerInterrupt
                0x080043bc       0x48 ./Middlewares/Third_Party/FreeRTOS/Source/portable/GCC/ARM_CM4F/port.o
                0x080043bc                vPortSetupTimerInterrupt
 .text.vPortEnableVFP
                0x08004404       0x14 ./Middlewares/Third_Party/FreeRTOS/Source/portable/GCC/ARM_CM4F/port.o
 .text.vPortValidateInterruptPriority
                0x08004418       0x84 ./Middlewares/Third_Party/FreeRTOS/Source/portable/GCC/ARM_CM4F/port.o
                0x08004418                vPortValidateInterruptPriority
 .text.pvPortMalloc
                0x0800449c      0x19c ./Middlewares/Third_Party/FreeRTOS/Source/portable/MemMang/heap_4.o
                0x0800449c                pvPortMalloc
 .text.vPortFree
                0x08004638       0xc8 ./Middlewares/Third_Party/FreeRTOS/Source/portable/MemMang/heap_4.o
                0x08004638                vPortFree
 .text.prvHeapInit
                0x08004700       0xc4 ./Middlewares/Third_Party/FreeRTOS/Source/portable/MemMang/heap_4.o
 .text.prvInsertBlockIntoFreeList
                0x080047c4       0xb4 ./Middlewares/Third_Party/FreeRTOS/Source/portable/MemMang/heap_4.o
 .text.memset   0x08004878       0x10 D:/STM32CubeIDE_1.17.0/STM32CubeIDE/plugins/com.st.stm32cube.ide.mcu.externaltools.gnu-tools-for-stm32.12.3.rel1.win32_1.1.0.202410251130/tools/bin/../lib/gcc/arm-none-eabi/12.3.1/../../../../arm-none-eabi/lib/thumb/v7e-m+dp/hard\libc_nano.a(libc_a-memset.o)
                0x08004878                memset
 .text._reclaim_reent
                0x08004888       0xac D:/STM32CubeIDE_1.17.0/STM32CubeIDE/plugins/com.st.stm32cube.ide.mcu.externaltools.gnu-tools-for-stm32.12.3.rel1.win32_1.1.0.202410251130/tools/bin/../lib/gcc/arm-none-eabi/12.3.1/../../../../arm-none-eabi/lib/thumb/v7e-m+dp/hard\libc_nano.a(libc_a-reent.o)
                0x08004888                _reclaim_reent
 .text.__libc_init_array
                0x08004934       0x48 D:/STM32CubeIDE_1.17.0/STM32CubeIDE/plugins/com.st.stm32cube.ide.mcu.externaltools.gnu-tools-for-stm32.12.3.rel1.win32_1.1.0.202410251130/tools/bin/../lib/gcc/arm-none-eabi/12.3.1/../../../../arm-none-eabi/lib/thumb/v7e-m+dp/hard\libc_nano.a(libc_a-init.o)
                0x08004934                __libc_init_array
 .text.__retarget_lock_acquire_recursive
                0x0800497c        0x2 D:/STM32CubeIDE_1.17.0/STM32CubeIDE/plugins/com.st.stm32cube.ide.mcu.externaltools.gnu-tools-for-stm32.12.3.rel1.win32_1.1.0.202410251130/tools/bin/../lib/gcc/arm-none-eabi/12.3.1/../../../../arm-none-eabi/lib/thumb/v7e-m+dp/hard\libc_nano.a(libc_a-lock.o)
                0x0800497c                __retarget_lock_acquire_recursive
 .text.__retarget_lock_release_recursive
                0x0800497e        0x2 D:/STM32CubeIDE_1.17.0/STM32CubeIDE/plugins/com.st.stm32cube.ide.mcu.externaltools.gnu-tools-for-stm32.12.3.rel1.win32_1.1.0.202410251130/tools/bin/../lib/gcc/arm-none-eabi/12.3.1/../../../../arm-none-eabi/lib/thumb/v7e-m+dp/hard\libc_nano.a(libc_a-lock.o)
                0x0800497e                __retarget_lock_release_recursive
 .text.memcpy   0x08004980       0x1c D:/STM32CubeIDE_1.17.0/STM32CubeIDE/plugins/com.st.stm32cube.ide.mcu.externaltools.gnu-tools-for-stm32.12.3.rel1.win32_1.1.0.202410251130/tools/bin/../lib/gcc/arm-none-eabi/12.3.1/../../../../arm-none-eabi/lib/thumb/v7e-m+dp/hard\libc_nano.a(libc_a-memcpy-stub.o)
                0x08004980                memcpy
 .text._free_r  0x0800499c       0x94 D:/STM32CubeIDE_1.17.0/STM32CubeIDE/plugins/com.st.stm32cube.ide.mcu.externaltools.gnu-tools-for-stm32.12.3.rel1.win32_1.1.0.202410251130/tools/bin/../lib/gcc/arm-none-eabi/12.3.1/../../../../arm-none-eabi/lib/thumb/v7e-m+dp/hard\libc_nano.a(libc_a-freer.o)
                0x0800499c                _free_r
 .text.__malloc_lock
                0x08004a30        0xc D:/STM32CubeIDE_1.17.0/STM32CubeIDE/plugins/com.st.stm32cube.ide.mcu.externaltools.gnu-tools-for-stm32.12.3.rel1.win32_1.1.0.202410251130/tools/bin/../lib/gcc/arm-none-eabi/12.3.1/../../../../arm-none-eabi/lib/thumb/v7e-m+dp/hard\libc_nano.a(libc_a-mlock.o)
                0x08004a30                __malloc_lock
 .text.__malloc_unlock
                0x08004a3c        0xc D:/STM32CubeIDE_1.17.0/STM32CubeIDE/plugins/com.st.stm32cube.ide.mcu.externaltools.gnu-tools-for-stm32.12.3.rel1.win32_1.1.0.202410251130/tools/bin/../lib/gcc/arm-none-eabi/12.3.1/../../../../arm-none-eabi/lib/thumb/v7e-m+dp/hard\libc_nano.a(libc_a-mlock.o)
                0x08004a3c                __malloc_unlock
 *(.glue_7)
 .glue_7        0x08004a48        0x0 linker stubs
 *(.glue_7t)
 .glue_7t       0x08004a48        0x0 linker stubs
 *(.eh_frame)
 .eh_frame      0x08004a48        0x0 D:/STM32CubeIDE_1.17.0/STM32CubeIDE/plugins/com.st.stm32cube.ide.mcu.externaltools.gnu-tools-for-stm32.12.3.rel1.win32_1.1.0.202410251130/tools/bin/../lib/gcc/arm-none-eabi/12.3.1/thumb/v7e-m+dp/hard/crtbegin.o
 *(.init)
 .init          0x08004a48        0x4 D:/STM32CubeIDE_1.17.0/STM32CubeIDE/plugins/com.st.stm32cube.ide.mcu.externaltools.gnu-tools-for-stm32.12.3.rel1.win32_1.1.0.202410251130/tools/bin/../lib/gcc/arm-none-eabi/12.3.1/thumb/v7e-m+dp/hard/crti.o
                0x08004a48                _init
 .init          0x08004a4c        0x8 D:/STM32CubeIDE_1.17.0/STM32CubeIDE/plugins/com.st.stm32cube.ide.mcu.externaltools.gnu-tools-for-stm32.12.3.rel1.win32_1.1.0.202410251130/tools/bin/../lib/gcc/arm-none-eabi/12.3.1/thumb/v7e-m+dp/hard/crtn.o
 *(.fini)
 .fini          0x08004a54        0x4 D:/STM32CubeIDE_1.17.0/STM32CubeIDE/plugins/com.st.stm32cube.ide.mcu.externaltools.gnu-tools-for-stm32.12.3.rel1.win32_1.1.0.202410251130/tools/bin/../lib/gcc/arm-none-eabi/12.3.1/thumb/v7e-m+dp/hard/crti.o
                0x08004a54                _fini
 .fini          0x08004a58        0x8 D:/STM32CubeIDE_1.17.0/STM32CubeIDE/plugins/com.st.stm32cube.ide.mcu.externaltools.gnu-tools-for-stm32.12.3.rel1.win32_1.1.0.202410251130/tools/bin/../lib/gcc/arm-none-eabi/12.3.1/thumb/v7e-m+dp/hard/crtn.o
                0x08004a60                        . = ALIGN (0x4)
                0x08004a60                        _etext = .

.vfp11_veneer   0x08004a60        0x0
 .vfp11_veneer  0x08004a60        0x0 linker stubs

.v4_bx          0x08004a60        0x0
 .v4_bx         0x08004a60        0x0 linker stubs

.iplt           0x08004a60        0x0
 .iplt          0x08004a60        0x0 D:/STM32CubeIDE_1.17.0/STM32CubeIDE/plugins/com.st.stm32cube.ide.mcu.externaltools.gnu-tools-for-stm32.12.3.rel1.win32_1.1.0.202410251130/tools/bin/../lib/gcc/arm-none-eabi/12.3.1/thumb/v7e-m+dp/hard/crtbegin.o

.rodata         0x08004a60       0x58
                0x08004a60                        . = ALIGN (0x4)
 *(.rodata)
 .rodata        0x08004a60        0xc ./Core/Src/freertos.o
 .rodata        0x08004a6c        0x5 ./Middlewares/Third_Party/FreeRTOS/Source/tasks.o
 *fill*         0x08004a71        0x3 
 .rodata        0x08004a74        0xd ./Middlewares/Third_Party/FreeRTOS/Source/timers.o
 *(.rodata*)
 *fill*         0x08004a81        0x3 
 .rodata.defaultTask_attributes
                0x08004a84       0x24 ./Core/Src/freertos.o
                0x08004a84                defaultTask_attributes
 .rodata.D1CorePrescTable
                0x08004aa8       0x10 ./Core/Src/system_stm32h7xx.o
                0x08004aa8                D1CorePrescTable
                0x08004ab8                        . = ALIGN (0x4)

.ARM.extab
 *(.ARM.extab* .gnu.linkonce.armextab.*)

.ARM            0x08004ab8        0x0
                0x08004ab8                        __exidx_start = .
 *(.ARM.exidx*)
                0x08004ab8                        __exidx_end = .

.preinit_array  0x08004ab8        0x0
                0x08004ab8                        PROVIDE (__preinit_array_start = .)
 *(.preinit_array*)
                0x08004ab8                        PROVIDE (__preinit_array_end = .)

.init_array     0x08004ab8        0x4
                0x08004ab8                        PROVIDE (__init_array_start = .)
 *(SORT_BY_NAME(.init_array.*))
 *(.init_array*)
 .init_array    0x08004ab8        0x4 D:/STM32CubeIDE_1.17.0/STM32CubeIDE/plugins/com.st.stm32cube.ide.mcu.externaltools.gnu-tools-for-stm32.12.3.rel1.win32_1.1.0.202410251130/tools/bin/../lib/gcc/arm-none-eabi/12.3.1/thumb/v7e-m+dp/hard/crtbegin.o
                0x08004abc                        PROVIDE (__init_array_end = .)

.fini_array     0x08004abc        0x4
                [!provide]                        PROVIDE (__fini_array_start = .)
 *(SORT_BY_NAME(.fini_array.*))
 *(.fini_array*)
 .fini_array    0x08004abc        0x4 D:/STM32CubeIDE_1.17.0/STM32CubeIDE/plugins/com.st.stm32cube.ide.mcu.externaltools.gnu-tools-for-stm32.12.3.rel1.win32_1.1.0.202410251130/tools/bin/../lib/gcc/arm-none-eabi/12.3.1/thumb/v7e-m+dp/hard/crtbegin.o
                [!provide]                        PROVIDE (__fini_array_end = .)
                0x08004ac0                        _sidata = LOADADDR (.data)

.rel.dyn        0x08004ac0        0x0
 .rel.iplt      0x08004ac0        0x0 D:/STM32CubeIDE_1.17.0/STM32CubeIDE/plugins/com.st.stm32cube.ide.mcu.externaltools.gnu-tools-for-stm32.12.3.rel1.win32_1.1.0.202410251130/tools/bin/../lib/gcc/arm-none-eabi/12.3.1/thumb/v7e-m+dp/hard/crtbegin.o

.data           0x24000000       0x64 load address 0x08004ac0
                0x24000000                        . = ALIGN (0x4)
                0x24000000                        _sdata = .
 *(.data)
 *(.data*)
 .data.SystemCoreClock
                0x24000000        0x4 ./Core/Src/system_stm32h7xx.o
                0x24000000                SystemCoreClock
 .data.SystemD2Clock
                0x24000004        0x4 ./Core/Src/system_stm32h7xx.o
                0x24000004                SystemD2Clock
 .data.uwTickPrio
                0x24000008        0x4 ./Drivers/STM32H7xx_HAL_Driver/Src/stm32h7xx_hal.o
                0x24000008                uwTickPrio
 .data.uwTickFreq
                0x2400000c        0x1 ./Drivers/STM32H7xx_HAL_Driver/Src/stm32h7xx_hal.o
                0x2400000c                uwTickFreq
 *fill*         0x2400000d        0x3 
 .data.uxCriticalNesting
                0x24000010        0x4 ./Middlewares/Third_Party/FreeRTOS/Source/portable/GCC/ARM_CM4F/port.o
 .data._impure_ptr
                0x24000014        0x4 D:/STM32CubeIDE_1.17.0/STM32CubeIDE/plugins/com.st.stm32cube.ide.mcu.externaltools.gnu-tools-for-stm32.12.3.rel1.win32_1.1.0.202410251130/tools/bin/../lib/gcc/arm-none-eabi/12.3.1/../../../../arm-none-eabi/lib/thumb/v7e-m+dp/hard\libc_nano.a(libc_a-impure.o)
                0x24000014                _impure_ptr
 .data._impure_data
                0x24000018       0x4c D:/STM32CubeIDE_1.17.0/STM32CubeIDE/plugins/com.st.stm32cube.ide.mcu.externaltools.gnu-tools-for-stm32.12.3.rel1.win32_1.1.0.202410251130/tools/bin/../lib/gcc/arm-none-eabi/12.3.1/../../../../arm-none-eabi/lib/thumb/v7e-m+dp/hard\libc_nano.a(libc_a-impure.o)
                0x24000018                _impure_data
 *(.RamFunc)
 *(.RamFunc*)
                0x24000064                        . = ALIGN (0x4)
                0x24000064                        _edata = .

.igot.plt       0x24000064        0x0 load address 0x08004b24
 .igot.plt      0x24000064        0x0 D:/STM32CubeIDE_1.17.0/STM32CubeIDE/plugins/com.st.stm32cube.ide.mcu.externaltools.gnu-tools-for-stm32.12.3.rel1.win32_1.1.0.202410251130/tools/bin/../lib/gcc/arm-none-eabi/12.3.1/thumb/v7e-m+dp/hard/crtbegin.o
                0x24000064                        . = ALIGN (0x4)

.bss            0x24000064     0x4b98 load address 0x08004b24
                0x24000064                        _sbss = .
                0x24000064                        __bss_start__ = _sbss
 *(.bss)
 .bss           0x24000064       0x1c D:/STM32CubeIDE_1.17.0/STM32CubeIDE/plugins/com.st.stm32cube.ide.mcu.externaltools.gnu-tools-for-stm32.12.3.rel1.win32_1.1.0.202410251130/tools/bin/../lib/gcc/arm-none-eabi/12.3.1/thumb/v7e-m+dp/hard/crtbegin.o
 *(.bss*)
 .bss.defaultTaskHandle
                0x24000080        0x4 ./Core/Src/freertos.o
                0x24000080                defaultTaskHandle
 .bss.htim1     0x24000084       0x4c ./Core/Src/stm32h7xx_hal_timebase_tim.o
                0x24000084                htim1
 .bss.uwTick    0x240000d0        0x4 ./Drivers/STM32H7xx_HAL_Driver/Src/stm32h7xx_hal.o
                0x240000d0                uwTick
 .bss.KernelState
                0x240000d4        0x4 ./Middlewares/Third_Party/FreeRTOS/Source/CMSIS_RTOS_V2/cmsis_os2.o
 .bss.Idle_TCB.3
                0x240000d8       0xa8 ./Middlewares/Third_Party/FreeRTOS/Source/CMSIS_RTOS_V2/cmsis_os2.o
 .bss.Idle_Stack.2
                0x24000180      0x200 ./Middlewares/Third_Party/FreeRTOS/Source/CMSIS_RTOS_V2/cmsis_os2.o
 .bss.Timer_TCB.1
                0x24000380       0xa8 ./Middlewares/Third_Party/FreeRTOS/Source/CMSIS_RTOS_V2/cmsis_os2.o
 .bss.Timer_Stack.0
                0x24000428      0x400 ./Middlewares/Third_Party/FreeRTOS/Source/CMSIS_RTOS_V2/cmsis_os2.o
 .bss.xQueueRegistry
                0x24000828       0x40 ./Middlewares/Third_Party/FreeRTOS/Source/queue.o
                0x24000828                xQueueRegistry
 .bss.pxCurrentTCB
                0x24000868        0x4 ./Middlewares/Third_Party/FreeRTOS/Source/tasks.o
                0x24000868                pxCurrentTCB
 .bss.pxReadyTasksLists
                0x2400086c      0x460 ./Middlewares/Third_Party/FreeRTOS/Source/tasks.o
 .bss.xDelayedTaskList1
                0x24000ccc       0x14 ./Middlewares/Third_Party/FreeRTOS/Source/tasks.o
 .bss.xDelayedTaskList2
                0x24000ce0       0x14 ./Middlewares/Third_Party/FreeRTOS/Source/tasks.o
 .bss.pxDelayedTaskList
                0x24000cf4        0x4 ./Middlewares/Third_Party/FreeRTOS/Source/tasks.o
 .bss.pxOverflowDelayedTaskList
                0x24000cf8        0x4 ./Middlewares/Third_Party/FreeRTOS/Source/tasks.o
 .bss.xPendingReadyList
                0x24000cfc       0x14 ./Middlewares/Third_Party/FreeRTOS/Source/tasks.o
 .bss.xTasksWaitingTermination
                0x24000d10       0x14 ./Middlewares/Third_Party/FreeRTOS/Source/tasks.o
 .bss.uxDeletedTasksWaitingCleanUp
                0x24000d24        0x4 ./Middlewares/Third_Party/FreeRTOS/Source/tasks.o
 .bss.xSuspendedTaskList
                0x24000d28       0x14 ./Middlewares/Third_Party/FreeRTOS/Source/tasks.o
 .bss.uxCurrentNumberOfTasks
                0x24000d3c        0x4 ./Middlewares/Third_Party/FreeRTOS/Source/tasks.o
 .bss.xTickCount
                0x24000d40        0x4 ./Middlewares/Third_Party/FreeRTOS/Source/tasks.o
 .bss.uxTopReadyPriority
                0x24000d44        0x4 ./Middlewares/Third_Party/FreeRTOS/Source/tasks.o
 .bss.xSchedulerRunning
                0x24000d48        0x4 ./Middlewares/Third_Party/FreeRTOS/Source/tasks.o
 .bss.xPendedTicks
                0x24000d4c        0x4 ./Middlewares/Third_Party/FreeRTOS/Source/tasks.o
 .bss.xYieldPending
                0x24000d50        0x4 ./Middlewares/Third_Party/FreeRTOS/Source/tasks.o
 .bss.xNumOfOverflows
                0x24000d54        0x4 ./Middlewares/Third_Party/FreeRTOS/Source/tasks.o
 .bss.uxTaskNumber
                0x24000d58        0x4 ./Middlewares/Third_Party/FreeRTOS/Source/tasks.o
 .bss.xNextTaskUnblockTime
                0x24000d5c        0x4 ./Middlewares/Third_Party/FreeRTOS/Source/tasks.o
 .bss.xIdleTaskHandle
                0x24000d60        0x4 ./Middlewares/Third_Party/FreeRTOS/Source/tasks.o
 .bss.uxSchedulerSuspended
                0x24000d64        0x4 ./Middlewares/Third_Party/FreeRTOS/Source/tasks.o
 .bss.xActiveTimerList1
                0x24000d68       0x14 ./Middlewares/Third_Party/FreeRTOS/Source/timers.o
 .bss.xActiveTimerList2
                0x24000d7c       0x14 ./Middlewares/Third_Party/FreeRTOS/Source/timers.o
 .bss.pxCurrentTimerList
                0x24000d90        0x4 ./Middlewares/Third_Party/FreeRTOS/Source/timers.o
 .bss.pxOverflowTimerList
                0x24000d94        0x4 ./Middlewares/Third_Party/FreeRTOS/Source/timers.o
 .bss.xTimerQueue
                0x24000d98        0x4 ./Middlewares/Third_Party/FreeRTOS/Source/timers.o
 .bss.xTimerTaskHandle
                0x24000d9c        0x4 ./Middlewares/Third_Party/FreeRTOS/Source/timers.o
 .bss.xLastTime.2
                0x24000da0        0x4 ./Middlewares/Third_Party/FreeRTOS/Source/timers.o
 .bss.ucStaticTimerQueueStorage.1
                0x24000da4       0xa0 ./Middlewares/Third_Party/FreeRTOS/Source/timers.o
 .bss.xStaticTimerQueue.0
                0x24000e44       0x50 ./Middlewares/Third_Party/FreeRTOS/Source/timers.o
 .bss.ucMaxSysCallPriority
                0x24000e94        0x1 ./Middlewares/Third_Party/FreeRTOS/Source/portable/GCC/ARM_CM4F/port.o
 *fill*         0x24000e95        0x3 
 .bss.ulMaxPRIGROUPValue
                0x24000e98        0x4 ./Middlewares/Third_Party/FreeRTOS/Source/portable/GCC/ARM_CM4F/port.o
 .bss.ucHeap    0x24000e9c     0x3c00 ./Middlewares/Third_Party/FreeRTOS/Source/portable/MemMang/heap_4.o
 .bss.xStart    0x24004a9c        0x8 ./Middlewares/Third_Party/FreeRTOS/Source/portable/MemMang/heap_4.o
 .bss.pxEnd     0x24004aa4        0x4 ./Middlewares/Third_Party/FreeRTOS/Source/portable/MemMang/heap_4.o
 .bss.xFreeBytesRemaining
                0x24004aa8        0x4 ./Middlewares/Third_Party/FreeRTOS/Source/portable/MemMang/heap_4.o
 .bss.xMinimumEverFreeBytesRemaining
                0x24004aac        0x4 ./Middlewares/Third_Party/FreeRTOS/Source/portable/MemMang/heap_4.o
 .bss.xNumberOfSuccessfulAllocations
                0x24004ab0        0x4 ./Middlewares/Third_Party/FreeRTOS/Source/portable/MemMang/heap_4.o
 .bss.xNumberOfSuccessfulFrees
                0x24004ab4        0x4 ./Middlewares/Third_Party/FreeRTOS/Source/portable/MemMang/heap_4.o
 .bss.xBlockAllocatedBit
                0x24004ab8        0x4 ./Middlewares/Third_Party/FreeRTOS/Source/portable/MemMang/heap_4.o
 .bss.__sf      0x24004abc      0x138 D:/STM32CubeIDE_1.17.0/STM32CubeIDE/plugins/com.st.stm32cube.ide.mcu.externaltools.gnu-tools-for-stm32.12.3.rel1.win32_1.1.0.202410251130/tools/bin/../lib/gcc/arm-none-eabi/12.3.1/../../../../arm-none-eabi/lib/thumb/v7e-m+dp/hard\libc_nano.a(libc_a-findfp.o)
                0x24004abc                __sf
 .bss.__lock___malloc_recursive_mutex
                0x24004bf4        0x1 D:/STM32CubeIDE_1.17.0/STM32CubeIDE/plugins/com.st.stm32cube.ide.mcu.externaltools.gnu-tools-for-stm32.12.3.rel1.win32_1.1.0.202410251130/tools/bin/../lib/gcc/arm-none-eabi/12.3.1/../../../../arm-none-eabi/lib/thumb/v7e-m+dp/hard\libc_nano.a(libc_a-lock.o)
                0x24004bf4                __lock___malloc_recursive_mutex
 *fill*         0x24004bf5        0x3 
 .bss.__malloc_free_list
                0x24004bf8        0x4 D:/STM32CubeIDE_1.17.0/STM32CubeIDE/plugins/com.st.stm32cube.ide.mcu.externaltools.gnu-tools-for-stm32.12.3.rel1.win32_1.1.0.202410251130/tools/bin/../lib/gcc/arm-none-eabi/12.3.1/../../../../arm-none-eabi/lib/thumb/v7e-m+dp/hard\libc_nano.a(libc_a-mallocr.o)
                0x24004bf8                __malloc_free_list
 *(COMMON)
                0x24004bfc                        . = ALIGN (0x4)
                0x24004bfc                        _ebss = .
                0x24004bfc                        __bss_end__ = _ebss

._user_heap_stack
                0x24004bfc      0x604 load address 0x08004b24
                0x24004c00                        . = ALIGN (0x8)
 *fill*         0x24004bfc        0x4 
                [!provide]                        PROVIDE (end = .)
                0x24004c00                        PROVIDE (_end = .)
                0x24004e00                        . = (. + _Min_Heap_Size)
 *fill*         0x24004c00      0x200 
                0x24005200                        . = (. + _Min_Stack_Size)
 *fill*         0x24004e00      0x400 
                0x24005200                        . = ALIGN (0x8)

/DISCARD/
 libc.a(*)
 libm.a(*)
 libgcc.a(*)

.ARM.attributes
                0x00000000       0x2e
 *(.ARM.attributes)
 .ARM.attributes
                0x00000000       0x20 D:/STM32CubeIDE_1.17.0/STM32CubeIDE/plugins/com.st.stm32cube.ide.mcu.externaltools.gnu-tools-for-stm32.12.3.rel1.win32_1.1.0.202410251130/tools/bin/../lib/gcc/arm-none-eabi/12.3.1/thumb/v7e-m+dp/hard/crti.o
 .ARM.attributes
                0x00000020       0x32 D:/STM32CubeIDE_1.17.0/STM32CubeIDE/plugins/com.st.stm32cube.ide.mcu.externaltools.gnu-tools-for-stm32.12.3.rel1.win32_1.1.0.202410251130/tools/bin/../lib/gcc/arm-none-eabi/12.3.1/thumb/v7e-m+dp/hard/crtbegin.o
 .ARM.attributes
                0x00000052       0x32 ./Core/Src/freertos.o
 .ARM.attributes
                0x00000084       0x32 ./Core/Src/gpio.o
 .ARM.attributes
                0x000000b6       0x32 ./Core/Src/main.o
 .ARM.attributes
                0x000000e8       0x32 ./Core/Src/stm32h7xx_hal_msp.o
 .ARM.attributes
                0x0000011a       0x32 ./Core/Src/stm32h7xx_hal_timebase_tim.o
 .ARM.attributes
                0x0000014c       0x32 ./Core/Src/stm32h7xx_it.o
 .ARM.attributes
                0x0000017e       0x32 ./Core/Src/system_stm32h7xx.o
 .ARM.attributes
                0x000001b0       0x21 ./Core/Startup/startup_stm32h743vihx.o
 .ARM.attributes
                0x000001d1       0x32 ./Drivers/STM32H7xx_HAL_Driver/Src/stm32h7xx_hal.o
 .ARM.attributes
                0x00000203       0x32 ./Drivers/STM32H7xx_HAL_Driver/Src/stm32h7xx_hal_cortex.o
 .ARM.attributes
                0x00000235       0x32 ./Drivers/STM32H7xx_HAL_Driver/Src/stm32h7xx_hal_rcc.o
 .ARM.attributes
                0x00000267       0x32 ./Drivers/STM32H7xx_HAL_Driver/Src/stm32h7xx_hal_tim.o
 .ARM.attributes
                0x00000299       0x32 ./Drivers/STM32H7xx_HAL_Driver/Src/stm32h7xx_hal_tim_ex.o
 .ARM.attributes
                0x000002cb       0x32 ./Drivers/STM32H7xx_HAL_Driver/Src/stm32h7xx_ll_gpio.o
 .ARM.attributes
                0x000002fd       0x32 ./Drivers/STM32H7xx_HAL_Driver/Src/stm32h7xx_ll_utils.o
 .ARM.attributes
                0x0000032f       0x32 ./Middlewares/Third_Party/FreeRTOS/Source/CMSIS_RTOS_V2/cmsis_os2.o
 .ARM.attributes
                0x00000361       0x32 ./Middlewares/Third_Party/FreeRTOS/Source/list.o
 .ARM.attributes
                0x00000393       0x32 ./Middlewares/Third_Party/FreeRTOS/Source/queue.o
 .ARM.attributes
                0x000003c5       0x32 ./Middlewares/Third_Party/FreeRTOS/Source/tasks.o
 .ARM.attributes
                0x000003f7       0x32 ./Middlewares/Third_Party/FreeRTOS/Source/timers.o
 .ARM.attributes
                0x00000429       0x32 ./Middlewares/Third_Party/FreeRTOS/Source/portable/GCC/ARM_CM4F/port.o
 .ARM.attributes
                0x0000045b       0x32 ./Middlewares/Third_Party/FreeRTOS/Source/portable/MemMang/heap_4.o
 .ARM.attributes
                0x0000048d       0x32 D:/STM32CubeIDE_1.17.0/STM32CubeIDE/plugins/com.st.stm32cube.ide.mcu.externaltools.gnu-tools-for-stm32.12.3.rel1.win32_1.1.0.202410251130/tools/bin/../lib/gcc/arm-none-eabi/12.3.1/../../../../arm-none-eabi/lib/thumb/v7e-m+dp/hard\libc_nano.a(libc_a-findfp.o)
 .ARM.attributes
                0x000004bf       0x32 D:/STM32CubeIDE_1.17.0/STM32CubeIDE/plugins/com.st.stm32cube.ide.mcu.externaltools.gnu-tools-for-stm32.12.3.rel1.win32_1.1.0.202410251130/tools/bin/../lib/gcc/arm-none-eabi/12.3.1/../../../../arm-none-eabi/lib/thumb/v7e-m+dp/hard\libc_nano.a(libc_a-memset.o)
 .ARM.attributes
                0x000004f1       0x32 D:/STM32CubeIDE_1.17.0/STM32CubeIDE/plugins/com.st.stm32cube.ide.mcu.externaltools.gnu-tools-for-stm32.12.3.rel1.win32_1.1.0.202410251130/tools/bin/../lib/gcc/arm-none-eabi/12.3.1/../../../../arm-none-eabi/lib/thumb/v7e-m+dp/hard\libc_nano.a(libc_a-reent.o)
 .ARM.attributes
                0x00000523       0x32 D:/STM32CubeIDE_1.17.0/STM32CubeIDE/plugins/com.st.stm32cube.ide.mcu.externaltools.gnu-tools-for-stm32.12.3.rel1.win32_1.1.0.202410251130/tools/bin/../lib/gcc/arm-none-eabi/12.3.1/../../../../arm-none-eabi/lib/thumb/v7e-m+dp/hard\libc_nano.a(libc_a-impure.o)
 .ARM.attributes
                0x00000555       0x32 D:/STM32CubeIDE_1.17.0/STM32CubeIDE/plugins/com.st.stm32cube.ide.mcu.externaltools.gnu-tools-for-stm32.12.3.rel1.win32_1.1.0.202410251130/tools/bin/../lib/gcc/arm-none-eabi/12.3.1/../../../../arm-none-eabi/lib/thumb/v7e-m+dp/hard\libc_nano.a(libc_a-init.o)
 .ARM.attributes
                0x00000587       0x32 D:/STM32CubeIDE_1.17.0/STM32CubeIDE/plugins/com.st.stm32cube.ide.mcu.externaltools.gnu-tools-for-stm32.12.3.rel1.win32_1.1.0.202410251130/tools/bin/../lib/gcc/arm-none-eabi/12.3.1/../../../../arm-none-eabi/lib/thumb/v7e-m+dp/hard\libc_nano.a(libc_a-lock.o)
 .ARM.attributes
                0x000005b9       0x32 D:/STM32CubeIDE_1.17.0/STM32CubeIDE/plugins/com.st.stm32cube.ide.mcu.externaltools.gnu-tools-for-stm32.12.3.rel1.win32_1.1.0.202410251130/tools/bin/../lib/gcc/arm-none-eabi/12.3.1/../../../../arm-none-eabi/lib/thumb/v7e-m+dp/hard\libc_nano.a(libc_a-memcpy-stub.o)
 .ARM.attributes
                0x000005eb       0x32 D:/STM32CubeIDE_1.17.0/STM32CubeIDE/plugins/com.st.stm32cube.ide.mcu.externaltools.gnu-tools-for-stm32.12.3.rel1.win32_1.1.0.202410251130/tools/bin/../lib/gcc/arm-none-eabi/12.3.1/../../../../arm-none-eabi/lib/thumb/v7e-m+dp/hard\libc_nano.a(libc_a-freer.o)
 .ARM.attributes
                0x0000061d       0x32 D:/STM32CubeIDE_1.17.0/STM32CubeIDE/plugins/com.st.stm32cube.ide.mcu.externaltools.gnu-tools-for-stm32.12.3.rel1.win32_1.1.0.202410251130/tools/bin/../lib/gcc/arm-none-eabi/12.3.1/../../../../arm-none-eabi/lib/thumb/v7e-m+dp/hard\libc_nano.a(libc_a-mallocr.o)
 .ARM.attributes
                0x0000064f       0x32 D:/STM32CubeIDE_1.17.0/STM32CubeIDE/plugins/com.st.stm32cube.ide.mcu.externaltools.gnu-tools-for-stm32.12.3.rel1.win32_1.1.0.202410251130/tools/bin/../lib/gcc/arm-none-eabi/12.3.1/../../../../arm-none-eabi/lib/thumb/v7e-m+dp/hard\libc_nano.a(libc_a-mlock.o)
 .ARM.attributes
                0x00000681       0x20 D:/STM32CubeIDE_1.17.0/STM32CubeIDE/plugins/com.st.stm32cube.ide.mcu.externaltools.gnu-tools-for-stm32.12.3.rel1.win32_1.1.0.202410251130/tools/bin/../lib/gcc/arm-none-eabi/12.3.1/thumb/v7e-m+dp/hard/crtn.o
OUTPUT(h7uwb_module.elf elf32-littlearm)
LOAD linker stubs
LOAD D:/STM32CubeIDE_1.17.0/STM32CubeIDE/plugins/com.st.stm32cube.ide.mcu.externaltools.gnu-tools-for-stm32.12.3.rel1.win32_1.1.0.202410251130/tools/bin/../lib/gcc/arm-none-eabi/12.3.1/../../../../arm-none-eabi/lib/thumb/v7e-m+dp/hard\libc.a
LOAD D:/STM32CubeIDE_1.17.0/STM32CubeIDE/plugins/com.st.stm32cube.ide.mcu.externaltools.gnu-tools-for-stm32.12.3.rel1.win32_1.1.0.202410251130/tools/bin/../lib/gcc/arm-none-eabi/12.3.1/../../../../arm-none-eabi/lib/thumb/v7e-m+dp/hard\libm.a
LOAD D:/STM32CubeIDE_1.17.0/STM32CubeIDE/plugins/com.st.stm32cube.ide.mcu.externaltools.gnu-tools-for-stm32.12.3.rel1.win32_1.1.0.202410251130/tools/bin/../lib/gcc/arm-none-eabi/12.3.1/thumb/v7e-m+dp/hard\libgcc.a

.debug_info     0x00000000    0x190f1
 .debug_info    0x00000000      0x4c4 ./Core/Src/freertos.o
 .debug_info    0x000004c4      0x653 ./Core/Src/gpio.o
 .debug_info    0x00000b17     0x161e ./Core/Src/main.o
 .debug_info    0x00002135      0x858 ./Core/Src/stm32h7xx_hal_msp.o
 .debug_info    0x0000298d     0x109a ./Core/Src/stm32h7xx_hal_timebase_tim.o
 .debug_info    0x00003a27      0x82a ./Core/Src/stm32h7xx_it.o
 .debug_info    0x00004251      0xdb2 ./Core/Src/system_stm32h7xx.o
 .debug_info    0x00005003       0x30 ./Core/Startup/startup_stm32h743vihx.o
 .debug_info    0x00005033     0x153b ./Drivers/STM32H7xx_HAL_Driver/Src/stm32h7xx_hal.o
 .debug_info    0x0000656e     0x10b1 ./Drivers/STM32H7xx_HAL_Driver/Src/stm32h7xx_hal_cortex.o
 .debug_info    0x0000761f      0xe6a ./Drivers/STM32H7xx_HAL_Driver/Src/stm32h7xx_hal_rcc.o
 .debug_info    0x00008489     0x2bae ./Drivers/STM32H7xx_HAL_Driver/Src/stm32h7xx_hal_tim.o
 .debug_info    0x0000b037     0x17eb ./Drivers/STM32H7xx_HAL_Driver/Src/stm32h7xx_hal_tim_ex.o
 .debug_info    0x0000c822      0x8a9 ./Drivers/STM32H7xx_HAL_Driver/Src/stm32h7xx_ll_gpio.o
 .debug_info    0x0000d0cb     0x1017 ./Drivers/STM32H7xx_HAL_Driver/Src/stm32h7xx_ll_utils.o
 .debug_info    0x0000e0e2     0x4423 ./Middlewares/Third_Party/FreeRTOS/Source/CMSIS_RTOS_V2/cmsis_os2.o
 .debug_info    0x00012505      0x2af ./Middlewares/Third_Party/FreeRTOS/Source/list.o
 .debug_info    0x000127b4     0x1b79 ./Middlewares/Third_Party/FreeRTOS/Source/queue.o
 .debug_info    0x0001432d     0x28c1 ./Middlewares/Third_Party/FreeRTOS/Source/tasks.o
 .debug_info    0x00016bee     0x1b50 ./Middlewares/Third_Party/FreeRTOS/Source/timers.o
 .debug_info    0x0001873e      0x4de ./Middlewares/Third_Party/FreeRTOS/Source/portable/GCC/ARM_CM4F/port.o
 .debug_info    0x00018c1c      0x4d5 ./Middlewares/Third_Party/FreeRTOS/Source/portable/MemMang/heap_4.o

.debug_abbrev   0x00000000     0x3507
 .debug_abbrev  0x00000000      0x1d8 ./Core/Src/freertos.o
 .debug_abbrev  0x000001d8      0x1b5 ./Core/Src/gpio.o
 .debug_abbrev  0x0000038d      0x32f ./Core/Src/main.o
 .debug_abbrev  0x000006bc      0x123 ./Core/Src/stm32h7xx_hal_msp.o
 .debug_abbrev  0x000007df      0x212 ./Core/Src/stm32h7xx_hal_timebase_tim.o
 .debug_abbrev  0x000009f1      0x193 ./Core/Src/stm32h7xx_it.o
 .debug_abbrev  0x00000b84      0x165 ./Core/Src/system_stm32h7xx.o
 .debug_abbrev  0x00000ce9       0x24 ./Core/Startup/startup_stm32h743vihx.o
 .debug_abbrev  0x00000d0d      0x295 ./Drivers/STM32H7xx_HAL_Driver/Src/stm32h7xx_hal.o
 .debug_abbrev  0x00000fa2      0x339 ./Drivers/STM32H7xx_HAL_Driver/Src/stm32h7xx_hal_cortex.o
 .debug_abbrev  0x000012db      0x2c8 ./Drivers/STM32H7xx_HAL_Driver/Src/stm32h7xx_hal_rcc.o
 .debug_abbrev  0x000015a3      0x276 ./Drivers/STM32H7xx_HAL_Driver/Src/stm32h7xx_hal_tim.o
 .debug_abbrev  0x00001819      0x281 ./Drivers/STM32H7xx_HAL_Driver/Src/stm32h7xx_hal_tim_ex.o
 .debug_abbrev  0x00001a9a      0x231 ./Drivers/STM32H7xx_HAL_Driver/Src/stm32h7xx_ll_gpio.o
 .debug_abbrev  0x00001ccb      0x268 ./Drivers/STM32H7xx_HAL_Driver/Src/stm32h7xx_ll_utils.o
 .debug_abbrev  0x00001f33      0x54a ./Middlewares/Third_Party/FreeRTOS/Source/CMSIS_RTOS_V2/cmsis_os2.o
 .debug_abbrev  0x0000247d       0xf5 ./Middlewares/Third_Party/FreeRTOS/Source/list.o
 .debug_abbrev  0x00002572      0x3b6 ./Middlewares/Third_Party/FreeRTOS/Source/queue.o
 .debug_abbrev  0x00002928      0x3fe ./Middlewares/Third_Party/FreeRTOS/Source/tasks.o
 .debug_abbrev  0x00002d26      0x368 ./Middlewares/Third_Party/FreeRTOS/Source/timers.o
 .debug_abbrev  0x0000308e      0x25c ./Middlewares/Third_Party/FreeRTOS/Source/portable/GCC/ARM_CM4F/port.o
 .debug_abbrev  0x000032ea      0x21d ./Middlewares/Third_Party/FreeRTOS/Source/portable/MemMang/heap_4.o

.debug_aranges  0x00000000     0x1538
 .debug_aranges
                0x00000000       0x30 ./Core/Src/freertos.o
 .debug_aranges
                0x00000030       0x30 ./Core/Src/gpio.o
 .debug_aranges
                0x00000060      0x138 ./Core/Src/main.o
 .debug_aranges
                0x00000198       0x20 ./Core/Src/stm32h7xx_hal_msp.o
 .debug_aranges
                0x000001b8       0x30 ./Core/Src/stm32h7xx_hal_timebase_tim.o
 .debug_aranges
                0x000001e8       0x50 ./Core/Src/stm32h7xx_it.o
 .debug_aranges
                0x00000238       0x30 ./Core/Src/system_stm32h7xx.o
 .debug_aranges
                0x00000268       0x28 ./Core/Startup/startup_stm32h743vihx.o
 .debug_aranges
                0x00000290      0x198 ./Drivers/STM32H7xx_HAL_Driver/Src/stm32h7xx_hal.o
 .debug_aranges
                0x00000428      0x130 ./Drivers/STM32H7xx_HAL_Driver/Src/stm32h7xx_hal_cortex.o
 .debug_aranges
                0x00000558       0x88 ./Drivers/STM32H7xx_HAL_Driver/Src/stm32h7xx_hal_rcc.o
 .debug_aranges
                0x000005e0      0x3e0 ./Drivers/STM32H7xx_HAL_Driver/Src/stm32h7xx_hal_tim.o
 .debug_aranges
                0x000009c0      0x188 ./Drivers/STM32H7xx_HAL_Driver/Src/stm32h7xx_hal_tim_ex.o
 .debug_aranges
                0x00000b48       0x70 ./Drivers/STM32H7xx_HAL_Driver/Src/stm32h7xx_ll_gpio.o
 .debug_aranges
                0x00000bb8      0x168 ./Drivers/STM32H7xx_HAL_Driver/Src/stm32h7xx_ll_utils.o
 .debug_aranges
                0x00000d20      0x2b0 ./Middlewares/Third_Party/FreeRTOS/Source/CMSIS_RTOS_V2/cmsis_os2.o
 .debug_aranges
                0x00000fd0       0x40 ./Middlewares/Third_Party/FreeRTOS/Source/list.o
 .debug_aranges
                0x00001010      0x158 ./Middlewares/Third_Party/FreeRTOS/Source/queue.o
 .debug_aranges
                0x00001168      0x208 ./Middlewares/Third_Party/FreeRTOS/Source/tasks.o
 .debug_aranges
                0x00001370       0xf0 ./Middlewares/Third_Party/FreeRTOS/Source/timers.o
 .debug_aranges
                0x00001460       0x80 ./Middlewares/Third_Party/FreeRTOS/Source/portable/GCC/ARM_CM4F/port.o
 .debug_aranges
                0x000014e0       0x58 ./Middlewares/Third_Party/FreeRTOS/Source/portable/MemMang/heap_4.o

.debug_rnglists
                0x00000000     0x1045
 .debug_rnglists
                0x00000000       0x1f ./Core/Src/freertos.o
 .debug_rnglists
                0x0000001f       0x20 ./Core/Src/gpio.o
 .debug_rnglists
                0x0000003f       0xe6 ./Core/Src/main.o
 .debug_rnglists
                0x00000125       0x13 ./Core/Src/stm32h7xx_hal_msp.o
 .debug_rnglists
                0x00000138       0x20 ./Core/Src/stm32h7xx_hal_timebase_tim.o
 .debug_rnglists
                0x00000158       0x37 ./Core/Src/stm32h7xx_it.o
 .debug_rnglists
                0x0000018f       0x21 ./Core/Src/system_stm32h7xx.o
 .debug_rnglists
                0x000001b0       0x19 ./Core/Startup/startup_stm32h743vihx.o
 .debug_rnglists
                0x000001c9      0x131 ./Drivers/STM32H7xx_HAL_Driver/Src/stm32h7xx_hal.o
 .debug_rnglists
                0x000002fa       0xe0 ./Drivers/STM32H7xx_HAL_Driver/Src/stm32h7xx_hal_cortex.o
 .debug_rnglists
                0x000003da       0x68 ./Drivers/STM32H7xx_HAL_Driver/Src/stm32h7xx_hal_rcc.o
 .debug_rnglists
                0x00000442      0x328 ./Drivers/STM32H7xx_HAL_Driver/Src/stm32h7xx_hal_tim.o
 .debug_rnglists
                0x0000076a      0x13f ./Drivers/STM32H7xx_HAL_Driver/Src/stm32h7xx_hal_tim_ex.o
 .debug_rnglists
                0x000008a9       0x51 ./Drivers/STM32H7xx_HAL_Driver/Src/stm32h7xx_ll_gpio.o
 .debug_rnglists
                0x000008fa      0x10e ./Drivers/STM32H7xx_HAL_Driver/Src/stm32h7xx_ll_utils.o
 .debug_rnglists
                0x00000a08      0x212 ./Middlewares/Third_Party/FreeRTOS/Source/CMSIS_RTOS_V2/cmsis_os2.o
 .debug_rnglists
                0x00000c1a       0x2b ./Middlewares/Third_Party/FreeRTOS/Source/list.o
 .debug_rnglists
                0x00000c45      0x109 ./Middlewares/Third_Party/FreeRTOS/Source/queue.o
 .debug_rnglists
                0x00000d4e      0x1a0 ./Middlewares/Third_Party/FreeRTOS/Source/tasks.o
 .debug_rnglists
                0x00000eee       0xb8 ./Middlewares/Third_Party/FreeRTOS/Source/timers.o
 .debug_rnglists
                0x00000fa6       0x5d ./Middlewares/Third_Party/FreeRTOS/Source/portable/GCC/ARM_CM4F/port.o
 .debug_rnglists
                0x00001003       0x42 ./Middlewares/Third_Party/FreeRTOS/Source/portable/MemMang/heap_4.o

.debug_macro    0x00000000    0x3ada8
 .debug_macro   0x00000000      0x3b6 ./Core/Src/freertos.o
 .debug_macro   0x000003b6      0xad8 ./Core/Src/freertos.o
 .debug_macro   0x00000e8e      0x189 ./Core/Src/freertos.o
 .debug_macro   0x00001017       0x22 ./Core/Src/freertos.o
 .debug_macro   0x00001039       0x8e ./Core/Src/freertos.o
 .debug_macro   0x000010c7       0x51 ./Core/Src/freertos.o
 .debug_macro   0x00001118      0x103 ./Core/Src/freertos.o
 .debug_macro   0x0000121b       0x6a ./Core/Src/freertos.o
 .debug_macro   0x00001285      0x1df ./Core/Src/freertos.o
 .debug_macro   0x00001464      0x16f ./Core/Src/freertos.o
 .debug_macro   0x000015d3      0x15a ./Core/Src/freertos.o
 .debug_macro   0x0000172d       0xc9 ./Core/Src/freertos.o
 .debug_macro   0x000017f6       0x1c ./Core/Src/freertos.o
 .debug_macro   0x00001812       0x26 ./Core/Src/freertos.o
 .debug_macro   0x00001838       0x61 ./Core/Src/freertos.o
 .debug_macro   0x00001899       0x29 ./Core/Src/freertos.o
 .debug_macro   0x000018c2       0x43 ./Core/Src/freertos.o
 .debug_macro   0x00001905       0x34 ./Core/Src/freertos.o
 .debug_macro   0x00001939       0x16 ./Core/Src/freertos.o
 .debug_macro   0x0000194f       0x43 ./Core/Src/freertos.o
 .debug_macro   0x00001992       0x34 ./Core/Src/freertos.o
 .debug_macro   0x000019c6       0x10 ./Core/Src/freertos.o
 .debug_macro   0x000019d6       0x58 ./Core/Src/freertos.o
 .debug_macro   0x00001a2e       0x8e ./Core/Src/freertos.o
 .debug_macro   0x00001abc       0x1c ./Core/Src/freertos.o
 .debug_macro   0x00001ad8      0x177 ./Core/Src/freertos.o
 .debug_macro   0x00001c4f       0x10 ./Core/Src/freertos.o
 .debug_macro   0x00001c5f       0x35 ./Core/Src/freertos.o
 .debug_macro   0x00001c94      0x4bf ./Core/Src/freertos.o
 .debug_macro   0x00002153       0xb5 ./Core/Src/freertos.o
 .debug_macro   0x00002208       0xaa ./Core/Src/freertos.o
 .debug_macro   0x000022b2      0x232 ./Core/Src/freertos.o
 .debug_macro   0x000024e4       0x2e ./Core/Src/freertos.o
 .debug_macro   0x00002512       0x3b ./Core/Src/freertos.o
 .debug_macro   0x0000254d       0x1c ./Core/Src/freertos.o
 .debug_macro   0x00002569       0x22 ./Core/Src/freertos.o
 .debug_macro   0x0000258b       0xfb ./Core/Src/freertos.o
 .debug_macro   0x00002686     0x1305 ./Core/Src/freertos.o
 .debug_macro   0x0000398b      0x11f ./Core/Src/freertos.o
 .debug_macro   0x00003aaa       0x27 ./Core/Src/freertos.o
 .debug_macro   0x00003ad1    0x25b9b ./Core/Src/freertos.o
 .debug_macro   0x0002966c       0x6d ./Core/Src/freertos.o
 .debug_macro   0x000296d9     0x3d79 ./Core/Src/freertos.o
 .debug_macro   0x0002d452      0x369 ./Core/Src/freertos.o
 .debug_macro   0x0002d7bb      0x19b ./Core/Src/freertos.o
 .debug_macro   0x0002d956       0x5d ./Core/Src/freertos.o
 .debug_macro   0x0002d9b3     0x2382 ./Core/Src/freertos.o
 .debug_macro   0x0002fd35     0x102c ./Core/Src/freertos.o
 .debug_macro   0x00030d61      0x154 ./Core/Src/freertos.o
 .debug_macro   0x00030eb5      0x114 ./Core/Src/freertos.o
 .debug_macro   0x00030fc9      0x3b6 ./Core/Src/freertos.o
 .debug_macro   0x0003137f       0xac ./Core/Src/freertos.o
 .debug_macro   0x0003142b      0x72d ./Core/Src/freertos.o
 .debug_macro   0x00031b58      0x228 ./Core/Src/freertos.o
 .debug_macro   0x00031d80       0x66 ./Core/Src/freertos.o
 .debug_macro   0x00031de6      0x3bb ./Core/Src/freertos.o
 .debug_macro   0x000321a1      0x3e4 ./Core/Src/freertos.o
 .debug_macro   0x00032585      0x275 ./Core/Src/freertos.o
 .debug_macro   0x000327fa      0x3ca ./Core/Src/freertos.o
 .debug_macro   0x00032bc4      0x408 ./Core/Src/freertos.o
 .debug_macro   0x00032fcc       0x51 ./Core/Src/freertos.o
 .debug_macro   0x0003301d       0x4a ./Core/Src/freertos.o
 .debug_macro   0x00033067      0x22c ./Core/Src/freertos.o
 .debug_macro   0x00033293       0x67 ./Core/Src/freertos.o
 .debug_macro   0x000332fa       0xa5 ./Core/Src/freertos.o
 .debug_macro   0x0003339f      0x1c4 ./Core/Src/freertos.o
 .debug_macro   0x00033563      0x25e ./Core/Src/freertos.o
 .debug_macro   0x000337c1       0x35 ./Core/Src/freertos.o
 .debug_macro   0x000337f6      0xafa ./Core/Src/freertos.o
 .debug_macro   0x000342f0      0x29f ./Core/Src/freertos.o
 .debug_macro   0x0003458f      0x5ac ./Core/Src/freertos.o
 .debug_macro   0x00034b3b      0x9dc ./Core/Src/freertos.o
 .debug_macro   0x00035517       0xd0 ./Core/Src/freertos.o
 .debug_macro   0x000355e7      0x33d ./Core/Src/freertos.o
 .debug_macro   0x00035924      0x36f ./Core/Src/freertos.o
 .debug_macro   0x00035c93      0x287 ./Core/Src/freertos.o
 .debug_macro   0x00035f1a      0x1e0 ./Core/Src/freertos.o
 .debug_macro   0x000360fa       0x46 ./Core/Src/freertos.o
 .debug_macro   0x00036140      0x1f8 ./Core/Src/freertos.o
 .debug_macro   0x00036338      0x79a ./Core/Src/freertos.o
 .debug_macro   0x00036ad2      0x1ae ./Core/Src/freertos.o
 .debug_macro   0x00036c80      0x165 ./Core/Src/freertos.o
 .debug_macro   0x00036de5       0x6c ./Core/Src/freertos.o
 .debug_macro   0x00036e51       0x74 ./Core/Src/freertos.o
 .debug_macro   0x00036ec5       0xdd ./Core/Src/freertos.o
 .debug_macro   0x00036fa2      0x31e ./Core/Src/gpio.o
 .debug_macro   0x000372c0      0x3ce ./Core/Src/main.o
 .debug_macro   0x0003768e      0x16f ./Core/Src/main.o
 .debug_macro   0x000377fd       0x16 ./Core/Src/main.o
 .debug_macro   0x00037813       0x66 ./Core/Src/main.o
 .debug_macro   0x00037879      0x314 ./Core/Src/stm32h7xx_hal_msp.o
 .debug_macro   0x00037b8d      0x293 ./Core/Src/stm32h7xx_hal_timebase_tim.o
 .debug_macro   0x00037e20      0x31e ./Core/Src/stm32h7xx_it.o
 .debug_macro   0x0003813e      0x293 ./Core/Src/system_stm32h7xx.o
 .debug_macro   0x000383d1      0x2bd ./Drivers/STM32H7xx_HAL_Driver/Src/stm32h7xx_hal.o
 .debug_macro   0x0003868e      0x293 ./Drivers/STM32H7xx_HAL_Driver/Src/stm32h7xx_hal_cortex.o
 .debug_macro   0x00038921      0x2b7 ./Drivers/STM32H7xx_HAL_Driver/Src/stm32h7xx_hal_rcc.o
 .debug_macro   0x00038bd8      0x294 ./Drivers/STM32H7xx_HAL_Driver/Src/stm32h7xx_hal_tim.o
 .debug_macro   0x00038e6c      0x293 ./Drivers/STM32H7xx_HAL_Driver/Src/stm32h7xx_hal_tim_ex.o
 .debug_macro   0x000390ff      0x2d5 ./Drivers/STM32H7xx_HAL_Driver/Src/stm32h7xx_ll_gpio.o
 .debug_macro   0x000393d4      0x15f ./Drivers/STM32H7xx_HAL_Driver/Src/stm32h7xx_ll_gpio.o
 .debug_macro   0x00039533      0x3eb ./Drivers/STM32H7xx_HAL_Driver/Src/stm32h7xx_ll_utils.o
 .debug_macro   0x0003991e      0x404 ./Middlewares/Third_Party/FreeRTOS/Source/CMSIS_RTOS_V2/cmsis_os2.o
 .debug_macro   0x00039d22       0x10 ./Middlewares/Third_Party/FreeRTOS/Source/CMSIS_RTOS_V2/cmsis_os2.o
 .debug_macro   0x00039d32       0x20 ./Middlewares/Third_Party/FreeRTOS/Source/CMSIS_RTOS_V2/cmsis_os2.o
 .debug_macro   0x00039d52       0x10 ./Middlewares/Third_Party/FreeRTOS/Source/CMSIS_RTOS_V2/cmsis_os2.o
 .debug_macro   0x00039d62       0xf5 ./Middlewares/Third_Party/FreeRTOS/Source/CMSIS_RTOS_V2/cmsis_os2.o
 .debug_macro   0x00039e57       0x91 ./Middlewares/Third_Party/FreeRTOS/Source/CMSIS_RTOS_V2/cmsis_os2.o
 .debug_macro   0x00039ee8       0x8d ./Middlewares/Third_Party/FreeRTOS/Source/CMSIS_RTOS_V2/cmsis_os2.o
 .debug_macro   0x00039f75       0x9a ./Middlewares/Third_Party/FreeRTOS/Source/CMSIS_RTOS_V2/cmsis_os2.o
 .debug_macro   0x0003a00f       0x22 ./Middlewares/Third_Party/FreeRTOS/Source/CMSIS_RTOS_V2/cmsis_os2.o
 .debug_macro   0x0003a031      0x199 ./Middlewares/Third_Party/FreeRTOS/Source/list.o
 .debug_macro   0x0003a1ca      0x228 ./Middlewares/Third_Party/FreeRTOS/Source/queue.o
 .debug_macro   0x0003a3f2       0x16 ./Middlewares/Third_Party/FreeRTOS/Source/queue.o
 .debug_macro   0x0003a408       0x87 ./Middlewares/Third_Party/FreeRTOS/Source/queue.o
 .debug_macro   0x0003a48f      0x291 ./Middlewares/Third_Party/FreeRTOS/Source/tasks.o
 .debug_macro   0x0003a720       0x10 ./Middlewares/Third_Party/FreeRTOS/Source/tasks.o
 .debug_macro   0x0003a730      0x1ee ./Middlewares/Third_Party/FreeRTOS/Source/timers.o
 .debug_macro   0x0003a91e       0x97 ./Middlewares/Third_Party/FreeRTOS/Source/timers.o
 .debug_macro   0x0003a9b5      0x233 ./Middlewares/Third_Party/FreeRTOS/Source/portable/GCC/ARM_CM4F/port.o
 .debug_macro   0x0003abe8      0x1c0 ./Middlewares/Third_Party/FreeRTOS/Source/portable/MemMang/heap_4.o

.debug_line     0x00000000    0x177bd
 .debug_line    0x00000000      0xb39 ./Core/Src/freertos.o
 .debug_line    0x00000b39      0xa0f ./Core/Src/gpio.o
 .debug_line    0x00001548      0xfa6 ./Core/Src/main.o
 .debug_line    0x000024ee      0x997 ./Core/Src/stm32h7xx_hal_msp.o
 .debug_line    0x00002e85      0x8fe ./Core/Src/stm32h7xx_hal_timebase_tim.o
 .debug_line    0x00003783      0xa34 ./Core/Src/stm32h7xx_it.o
 .debug_line    0x000041b7      0xa95 ./Core/Src/system_stm32h7xx.o
 .debug_line    0x00004c4c       0x7b ./Core/Startup/startup_stm32h743vihx.o
 .debug_line    0x00004cc7      0xe49 ./Drivers/STM32H7xx_HAL_Driver/Src/stm32h7xx_hal.o
 .debug_line    0x00005b10      0xe78 ./Drivers/STM32H7xx_HAL_Driver/Src/stm32h7xx_hal_cortex.o
 .debug_line    0x00006988     0x1419 ./Drivers/STM32H7xx_HAL_Driver/Src/stm32h7xx_hal_rcc.o
 .debug_line    0x00007da1     0x3fd7 ./Drivers/STM32H7xx_HAL_Driver/Src/stm32h7xx_hal_tim.o
 .debug_line    0x0000bd78     0x1de9 ./Drivers/STM32H7xx_HAL_Driver/Src/stm32h7xx_hal_tim_ex.o
 .debug_line    0x0000db61      0xa9e ./Drivers/STM32H7xx_HAL_Driver/Src/stm32h7xx_ll_gpio.o
 .debug_line    0x0000e5ff      0xfc1 ./Drivers/STM32H7xx_HAL_Driver/Src/stm32h7xx_ll_utils.o
 .debug_line    0x0000f5c0     0x23c2 ./Middlewares/Third_Party/FreeRTOS/Source/CMSIS_RTOS_V2/cmsis_os2.o
 .debug_line    0x00011982      0x788 ./Middlewares/Third_Party/FreeRTOS/Source/list.o
 .debug_line    0x0001210a     0x1752 ./Middlewares/Third_Party/FreeRTOS/Source/queue.o
 .debug_line    0x0001385c     0x1e4d ./Middlewares/Third_Party/FreeRTOS/Source/tasks.o
 .debug_line    0x000156a9      0xe10 ./Middlewares/Third_Party/FreeRTOS/Source/timers.o
 .debug_line    0x000164b9      0x951 ./Middlewares/Third_Party/FreeRTOS/Source/portable/GCC/ARM_CM4F/port.o
 .debug_line    0x00016e0a      0x9b3 ./Middlewares/Third_Party/FreeRTOS/Source/portable/MemMang/heap_4.o

.debug_str      0x00000000   0x177de1
 .debug_str     0x00000000   0x16c56d ./Core/Src/freertos.o
                             0x16cf99 (size before relaxing)
 .debug_str     0x0016c56d      0x2d0 ./Core/Src/gpio.o
                             0x1683c2 (size before relaxing)
 .debug_str     0x0016c83d      0xb8b ./Core/Src/main.o
                             0x16d91e (size before relaxing)
 .debug_str     0x0016d3c8      0x7fd ./Core/Src/stm32h7xx_hal_msp.o
                             0x168b16 (size before relaxing)
 .debug_str     0x0016dbc5      0x17f ./Core/Src/stm32h7xx_hal_timebase_tim.o
                             0x158174 (size before relaxing)
 .debug_str     0x0016dd44       0xa5 ./Core/Src/stm32h7xx_it.o
                             0x168780 (size before relaxing)
 .debug_str     0x0016dde9      0x1d7 ./Core/Src/system_stm32h7xx.o
                             0x1574e8 (size before relaxing)
 .debug_str     0x0016dfc0       0x44 ./Core/Startup/startup_stm32h743vihx.o
                                 0x75 (size before relaxing)
 .debug_str     0x0016e004      0x80e ./Drivers/STM32H7xx_HAL_Driver/Src/stm32h7xx_hal.o
                             0x1583bf (size before relaxing)
 .debug_str     0x0016e812      0x304 ./Drivers/STM32H7xx_HAL_Driver/Src/stm32h7xx_hal_cortex.o
                             0x157dfa (size before relaxing)
 .debug_str     0x0016eb16      0x327 ./Drivers/STM32H7xx_HAL_Driver/Src/stm32h7xx_hal_rcc.o
                             0x157844 (size before relaxing)
 .debug_str     0x0016ee3d      0xeb6 ./Drivers/STM32H7xx_HAL_Driver/Src/stm32h7xx_hal_tim.o
                             0x1585e3 (size before relaxing)
 .debug_str     0x0016fcf3      0x615 ./Drivers/STM32H7xx_HAL_Driver/Src/stm32h7xx_hal_tim_ex.o
                             0x157f0b (size before relaxing)
 .debug_str     0x00170308      0x65d ./Drivers/STM32H7xx_HAL_Driver/Src/stm32h7xx_ll_gpio.o
                             0x1595f8 (size before relaxing)
 .debug_str     0x00170965     0x15b0 ./Drivers/STM32H7xx_HAL_Driver/Src/stm32h7xx_ll_utils.o
                             0x163a24 (size before relaxing)
 .debug_str     0x00171f15     0x3355 ./Middlewares/Third_Party/FreeRTOS/Source/CMSIS_RTOS_V2/cmsis_os2.o
                             0x15f384 (size before relaxing)
 .debug_str     0x0017526a      0x20f ./Middlewares/Third_Party/FreeRTOS/Source/list.o
                               0xab6c (size before relaxing)
 .debug_str     0x00175479      0x892 ./Middlewares/Third_Party/FreeRTOS/Source/queue.o
                               0xc6ac (size before relaxing)
 .debug_str     0x00175d0b     0x1080 ./Middlewares/Third_Party/FreeRTOS/Source/tasks.o
                               0xd4b1 (size before relaxing)
 .debug_str     0x00176d8b      0x5af ./Middlewares/Third_Party/FreeRTOS/Source/timers.o
                               0xcefd (size before relaxing)
 .debug_str     0x0017733a      0x783 ./Middlewares/Third_Party/FreeRTOS/Source/portable/GCC/ARM_CM4F/port.o
                               0xa324 (size before relaxing)
 .debug_str     0x00177abd      0x324 ./Middlewares/Third_Party/FreeRTOS/Source/portable/MemMang/heap_4.o
                               0xb4ae (size before relaxing)

.comment        0x00000000       0x43
 .comment       0x00000000       0x43 ./Core/Src/freertos.o
                                 0x44 (size before relaxing)
 .comment       0x00000043       0x44 ./Core/Src/gpio.o
 .comment       0x00000043       0x44 ./Core/Src/main.o
 .comment       0x00000043       0x44 ./Core/Src/stm32h7xx_hal_msp.o
 .comment       0x00000043       0x44 ./Core/Src/stm32h7xx_hal_timebase_tim.o
 .comment       0x00000043       0x44 ./Core/Src/stm32h7xx_it.o
 .comment       0x00000043       0x44 ./Core/Src/system_stm32h7xx.o
 .comment       0x00000043       0x44 ./Drivers/STM32H7xx_HAL_Driver/Src/stm32h7xx_hal.o
 .comment       0x00000043       0x44 ./Drivers/STM32H7xx_HAL_Driver/Src/stm32h7xx_hal_cortex.o
 .comment       0x00000043       0x44 ./Drivers/STM32H7xx_HAL_Driver/Src/stm32h7xx_hal_rcc.o
 .comment       0x00000043       0x44 ./Drivers/STM32H7xx_HAL_Driver/Src/stm32h7xx_hal_tim.o
 .comment       0x00000043       0x44 ./Drivers/STM32H7xx_HAL_Driver/Src/stm32h7xx_hal_tim_ex.o
 .comment       0x00000043       0x44 ./Drivers/STM32H7xx_HAL_Driver/Src/stm32h7xx_ll_gpio.o
 .comment       0x00000043       0x44 ./Drivers/STM32H7xx_HAL_Driver/Src/stm32h7xx_ll_utils.o
 .comment       0x00000043       0x44 ./Middlewares/Third_Party/FreeRTOS/Source/CMSIS_RTOS_V2/cmsis_os2.o
 .comment       0x00000043       0x44 ./Middlewares/Third_Party/FreeRTOS/Source/list.o
 .comment       0x00000043       0x44 ./Middlewares/Third_Party/FreeRTOS/Source/queue.o
 .comment       0x00000043       0x44 ./Middlewares/Third_Party/FreeRTOS/Source/tasks.o
 .comment       0x00000043       0x44 ./Middlewares/Third_Party/FreeRTOS/Source/timers.o
 .comment       0x00000043       0x44 ./Middlewares/Third_Party/FreeRTOS/Source/portable/GCC/ARM_CM4F/port.o
 .comment       0x00000043       0x44 ./Middlewares/Third_Party/FreeRTOS/Source/portable/MemMang/heap_4.o

.debug_frame    0x00000000     0x5c18
 .debug_frame   0x00000000       0x74 ./Core/Src/freertos.o
 .debug_frame   0x00000074       0x84 ./Core/Src/gpio.o
 .debug_frame   0x000000f8      0x530 ./Core/Src/main.o
 .debug_frame   0x00000628       0x34 ./Core/Src/stm32h7xx_hal_msp.o
 .debug_frame   0x0000065c       0x74 ./Core/Src/stm32h7xx_hal_timebase_tim.o
 .debug_frame   0x000006d0       0xc4 ./Core/Src/stm32h7xx_it.o
 .debug_frame   0x00000794       0x78 ./Core/Src/system_stm32h7xx.o
 .debug_frame   0x0000080c      0x690 ./Drivers/STM32H7xx_HAL_Driver/Src/stm32h7xx_hal.o
 .debug_frame   0x00000e9c      0x508 ./Drivers/STM32H7xx_HAL_Driver/Src/stm32h7xx_hal_cortex.o
 .debug_frame   0x000013a4      0x1f8 ./Drivers/STM32H7xx_HAL_Driver/Src/stm32h7xx_hal_rcc.o
 .debug_frame   0x0000159c     0x121c ./Drivers/STM32H7xx_HAL_Driver/Src/stm32h7xx_hal_tim.o
 .debug_frame   0x000027b8      0x6d8 ./Drivers/STM32H7xx_HAL_Driver/Src/stm32h7xx_hal_tim_ex.o
 .debug_frame   0x00002e90      0x1c0 ./Drivers/STM32H7xx_HAL_Driver/Src/stm32h7xx_ll_gpio.o
 .debug_frame   0x00003050      0x604 ./Drivers/STM32H7xx_HAL_Driver/Src/stm32h7xx_ll_utils.o
 .debug_frame   0x00003654      0xbe4 ./Middlewares/Third_Party/FreeRTOS/Source/CMSIS_RTOS_V2/cmsis_os2.o
 .debug_frame   0x00004238       0xd8 ./Middlewares/Third_Party/FreeRTOS/Source/list.o
 .debug_frame   0x00004310      0x5ec ./Middlewares/Third_Party/FreeRTOS/Source/queue.o
 .debug_frame   0x000048fc      0x8f0 ./Middlewares/Third_Party/FreeRTOS/Source/tasks.o
 .debug_frame   0x000051ec      0x400 ./Middlewares/Third_Party/FreeRTOS/Source/timers.o
 .debug_frame   0x000055ec      0x1a8 ./Middlewares/Third_Party/FreeRTOS/Source/portable/GCC/ARM_CM4F/port.o
 .debug_frame   0x00005794      0x12c ./Middlewares/Third_Party/FreeRTOS/Source/portable/MemMang/heap_4.o
 .debug_frame   0x000058c0      0x144 D:/STM32CubeIDE_1.17.0/STM32CubeIDE/plugins/com.st.stm32cube.ide.mcu.externaltools.gnu-tools-for-stm32.12.3.rel1.win32_1.1.0.202410251130/tools/bin/../lib/gcc/arm-none-eabi/12.3.1/../../../../arm-none-eabi/lib/thumb/v7e-m+dp/hard\libc_nano.a(libc_a-findfp.o)
 .debug_frame   0x00005a04       0x20 D:/STM32CubeIDE_1.17.0/STM32CubeIDE/plugins/com.st.stm32cube.ide.mcu.externaltools.gnu-tools-for-stm32.12.3.rel1.win32_1.1.0.202410251130/tools/bin/../lib/gcc/arm-none-eabi/12.3.1/../../../../arm-none-eabi/lib/thumb/v7e-m+dp/hard\libc_nano.a(libc_a-memset.o)
 .debug_frame   0x00005a24       0x38 D:/STM32CubeIDE_1.17.0/STM32CubeIDE/plugins/com.st.stm32cube.ide.mcu.externaltools.gnu-tools-for-stm32.12.3.rel1.win32_1.1.0.202410251130/tools/bin/../lib/gcc/arm-none-eabi/12.3.1/../../../../arm-none-eabi/lib/thumb/v7e-m+dp/hard\libc_nano.a(libc_a-reent.o)
 .debug_frame   0x00005a5c       0x2c D:/STM32CubeIDE_1.17.0/STM32CubeIDE/plugins/com.st.stm32cube.ide.mcu.externaltools.gnu-tools-for-stm32.12.3.rel1.win32_1.1.0.202410251130/tools/bin/../lib/gcc/arm-none-eabi/12.3.1/../../../../arm-none-eabi/lib/thumb/v7e-m+dp/hard\libc_nano.a(libc_a-init.o)
 .debug_frame   0x00005a88       0xb0 D:/STM32CubeIDE_1.17.0/STM32CubeIDE/plugins/com.st.stm32cube.ide.mcu.externaltools.gnu-tools-for-stm32.12.3.rel1.win32_1.1.0.202410251130/tools/bin/../lib/gcc/arm-none-eabi/12.3.1/../../../../arm-none-eabi/lib/thumb/v7e-m+dp/hard\libc_nano.a(libc_a-lock.o)
 .debug_frame   0x00005b38       0x28 D:/STM32CubeIDE_1.17.0/STM32CubeIDE/plugins/com.st.stm32cube.ide.mcu.externaltools.gnu-tools-for-stm32.12.3.rel1.win32_1.1.0.202410251130/tools/bin/../lib/gcc/arm-none-eabi/12.3.1/../../../../arm-none-eabi/lib/thumb/v7e-m+dp/hard\libc_nano.a(libc_a-memcpy-stub.o)
 .debug_frame   0x00005b60       0x38 D:/STM32CubeIDE_1.17.0/STM32CubeIDE/plugins/com.st.stm32cube.ide.mcu.externaltools.gnu-tools-for-stm32.12.3.rel1.win32_1.1.0.202410251130/tools/bin/../lib/gcc/arm-none-eabi/12.3.1/../../../../arm-none-eabi/lib/thumb/v7e-m+dp/hard\libc_nano.a(libc_a-freer.o)
 .debug_frame   0x00005b98       0x50 D:/STM32CubeIDE_1.17.0/STM32CubeIDE/plugins/com.st.stm32cube.ide.mcu.externaltools.gnu-tools-for-stm32.12.3.rel1.win32_1.1.0.202410251130/tools/bin/../lib/gcc/arm-none-eabi/12.3.1/../../../../arm-none-eabi/lib/thumb/v7e-m+dp/hard\libc_nano.a(libc_a-mallocr.o)
 .debug_frame   0x00005be8       0x30 D:/STM32CubeIDE_1.17.0/STM32CubeIDE/plugins/com.st.stm32cube.ide.mcu.externaltools.gnu-tools-for-stm32.12.3.rel1.win32_1.1.0.202410251130/tools/bin/../lib/gcc/arm-none-eabi/12.3.1/../../../../arm-none-eabi/lib/thumb/v7e-m+dp/hard\libc_nano.a(libc_a-mlock.o)

.debug_line_str
                0x00000000       0x59
 .debug_line_str
                0x00000000       0x59 ./Core/Startup/startup_stm32h743vihx.o